\BOOKMARK [0][]{Doc-Start}{\376\377\000P\000r\000e\000f\000a\000c\000e}{}% 1
\BOOKMARK [0][]{chapter*.1}{\376\377\000P\000r\000e\000f\000a\000c\000e}{}% 2
\BOOKMARK [0][]{chapter*.3}{\376\377\000M\000a\000t\000h\000e\000m\000a\000t\000i\000c\000a\000l\000\040\000N\000o\000t\000a\000t\000i\000o\000n\000\040\000a\000n\000d\000\040\000C\000o\000n\000v\000e\000n\000t\000i\000o\000n\000s}{}% 3
\BOOKMARK [0][]{chapter*.4}{\376\377\000F\000o\000r\000e\000w\000o\000r\000d}{}% 4
\BOOKMARK [0][]{chapter.1}{\376\377\0001\000\040\000F\000o\000u\000n\000d\000a\000t\000i\000o\000n\000s\000:\000\040\000T\000h\000e\000\040\000Q\000u\000a\000n\000t\000\040\000K\000i\000t\000c\000h\000e\000n}{}% 5
\BOOKMARK [1][]{section.1.1}{\376\377\0001\000.\0001\000\040\000S\000e\000t\000t\000i\000n\000g\000\040\000U\000p\000\040\000Y\000o\000u\000r\000\040\000Q\000u\000a\000n\000t\000\040\000K\000i\000t\000c\000h\000e\000n}{chapter.1}% 6
\BOOKMARK [2][]{subsection.1.1.1}{\376\377\0001\000.\0001\000.\0001\000\040\000R\000e\000c\000i\000p\000e\000\040\0001\000.\0001\000:\000\040\000I\000n\000s\000t\000a\000l\000l\000i\000n\000g\000\040\000Q\0002\0003\000\040\000S\000y\000s\000t\000e\000m}{section.1.1}% 7
\BOOKMARK [2][]{subsection.1.1.2}{\376\377\0001\000.\0001\000.\0002\000\040\000R\000e\000c\000i\000p\000e\000\040\0001\000.\0002\000:\000\040\000D\000a\000t\000a\000\040\000P\000i\000p\000e\000l\000i\000n\000e\000\040\000S\000e\000t\000u\000p}{section.1.1}% 8
\BOOKMARK [0][]{chapter.2}{\376\377\0002\000\040\000M\000a\000t\000h\000e\000m\000a\000t\000i\000c\000a\000l\000\040\000F\000o\000u\000n\000d\000a\000t\000i\000o\000n\000s\000:\000\040\000T\000h\000e\000\040\000S\000e\000c\000r\000e\000t\000\040\000S\000a\000u\000c\000e}{}% 9
\BOOKMARK [1][]{section.2.1}{\376\377\0002\000.\0001\000\040\000P\000r\000o\000b\000a\000b\000i\000l\000i\000t\000y\000\040\000T\000h\000e\000o\000r\000y\000\040\000a\000n\000d\000\040\000S\000t\000o\000c\000h\000a\000s\000t\000i\000c\000\040\000P\000r\000o\000c\000e\000s\000s\000e\000s}{chapter.2}% 10
\BOOKMARK [2][]{subsection.2.1.1}{\376\377\0002\000.\0001\000.\0001\000\040\000A\000d\000v\000a\000n\000c\000e\000d\000\040\000P\000r\000o\000b\000a\000b\000i\000l\000i\000t\000y\000\040\000C\000o\000n\000c\000e\000p\000t\000s\000\040\000f\000o\000r\000\040\000T\000r\000a\000d\000i\000n\000g}{section.2.1}% 11
\BOOKMARK [3][]{subsubsection*.5}{\376\377\000C\000o\000n\000d\000i\000t\000i\000o\000n\000a\000l\000\040\000E\000x\000p\000e\000c\000t\000a\000t\000i\000o\000n\000\040\000a\000n\000d\000\040\000F\000i\000l\000t\000r\000a\000t\000i\000o\000n\000s}{subsection.2.1.1}% 12
\BOOKMARK [3][]{subsubsection*.6}{\376\377\000M\000a\000r\000t\000i\000n\000g\000a\000l\000e\000s\000\040\000a\000n\000d\000\040\000F\000a\000i\000r\000\040\000G\000a\000m\000e\000s}{subsection.2.1.1}% 13
\BOOKMARK [2][]{subsection.2.1.2}{\376\377\0002\000.\0001\000.\0002\000\040\000T\000i\000m\000e\000\040\000S\000e\000r\000i\000e\000s\000\040\000A\000n\000a\000l\000y\000s\000i\000s\000\040\000a\000n\000d\000\040\000S\000t\000a\000t\000i\000o\000n\000a\000r\000i\000t\000y}{section.2.1}% 14
\BOOKMARK [3][]{subsubsection*.7}{\376\377\000S\000t\000a\000t\000i\000o\000n\000a\000r\000i\000t\000y\000\040\000T\000e\000s\000t\000i\000n\000g\000\040\000F\000r\000a\000m\000e\000w\000o\000r\000k}{subsection.2.1.2}% 15
\BOOKMARK [3][]{subsubsection*.8}{\376\377\000K\000P\000S\000S\000\040\000S\000t\000a\000t\000i\000o\000n\000a\000r\000i\000t\000y\000\040\000T\000e\000s\000t}{subsection.2.1.2}% 16
\BOOKMARK [2][]{subsection.2.1.3}{\376\377\0002\000.\0001\000.\0003\000\040\000S\000t\000a\000t\000i\000s\000t\000i\000c\000a\000l\000\040\000L\000e\000a\000r\000n\000i\000n\000g\000\040\000T\000h\000e\000o\000r\000y}{section.2.1}% 17
\BOOKMARK [3][]{subsubsection*.9}{\376\377\000B\000i\000a\000s\000-\000V\000a\000r\000i\000a\000n\000c\000e\000\040\000D\000e\000c\000o\000m\000p\000o\000s\000i\000t\000i\000o\000n}{subsection.2.1.3}% 18
\BOOKMARK [3][]{subsubsection*.10}{\376\377\000B\000a\000y\000e\000s\000i\000a\000n\000\040\000M\000e\000t\000h\000o\000d\000s\000\040\000i\000n\000\040\000T\000r\000a\000d\000i\000n\000g}{subsection.2.1.3}% 19
\BOOKMARK [3][]{subsubsection*.11}{\376\377\000M\000o\000n\000t\000e\000\040\000C\000a\000r\000l\000o\000\040\000M\000e\000t\000h\000o\000d\000s\000\040\000f\000o\000r\000\040\000R\000i\000s\000k\000\040\000A\000s\000s\000e\000s\000s\000m\000e\000n\000t}{subsection.2.1.3}% 20
\BOOKMARK [3][]{subsubsection*.12}{\376\377\000C\000o\000n\000c\000e\000n\000t\000r\000a\000t\000i\000o\000n\000\040\000I\000n\000e\000q\000u\000a\000l\000i\000t\000i\000e\000s}{subsection.2.1.3}% 21
\BOOKMARK [1][]{section.2.2}{\376\377\0002\000.\0002\000\040\000P\000r\000o\000b\000a\000b\000i\000l\000i\000t\000y\000\040\000T\000h\000e\000o\000r\000y\000\040\000a\000n\000d\000\040\000S\000t\000o\000c\000h\000a\000s\000t\000i\000c\000\040\000P\000r\000o\000c\000e\000s\000s\000e\000s}{chapter.2}% 22
\BOOKMARK [2][]{subsection.2.2.1}{\376\377\0002\000.\0002\000.\0001\000\040\000A\000d\000v\000a\000n\000c\000e\000d\000\040\000P\000r\000o\000b\000a\000b\000i\000l\000i\000t\000y\000\040\000C\000o\000n\000c\000e\000p\000t\000s\000\040\000f\000o\000r\000\040\000T\000r\000a\000d\000i\000n\000g}{section.2.2}% 23
\BOOKMARK [3][]{subsubsection*.13}{\376\377\000C\000o\000n\000d\000i\000t\000i\000o\000n\000a\000l\000\040\000E\000x\000p\000e\000c\000t\000a\000t\000i\000o\000n\000\040\000a\000n\000d\000\040\000F\000i\000l\000t\000r\000a\000t\000i\000o\000n\000s}{subsection.2.2.1}% 24
\BOOKMARK [3][]{subsubsection*.14}{\376\377\000M\000a\000r\000t\000i\000n\000g\000a\000l\000e\000s\000\040\000a\000n\000d\000\040\000F\000a\000i\000r\000\040\000G\000a\000m\000e\000s}{subsection.2.2.1}% 25
\BOOKMARK [2][]{subsection.2.2.2}{\376\377\0002\000.\0002\000.\0002\000\040\000T\000i\000m\000e\000\040\000S\000e\000r\000i\000e\000s\000\040\000A\000n\000a\000l\000y\000s\000i\000s\000\040\000a\000n\000d\000\040\000S\000t\000a\000t\000i\000o\000n\000a\000r\000i\000t\000y}{section.2.2}% 26
\BOOKMARK [3][]{subsubsection*.15}{\376\377\000S\000t\000a\000t\000i\000o\000n\000a\000r\000i\000t\000y\000\040\000T\000e\000s\000t\000i\000n\000g\000\040\000F\000r\000a\000m\000e\000w\000o\000r\000k}{subsection.2.2.2}% 27
\BOOKMARK [3][]{subsubsection*.16}{\376\377\000K\000P\000S\000S\000\040\000S\000t\000a\000t\000i\000o\000n\000a\000r\000i\000t\000y\000\040\000T\000e\000s\000t}{subsection.2.2.2}% 28
\BOOKMARK [2][]{subsection.2.2.3}{\376\377\0002\000.\0002\000.\0003\000\040\000S\000t\000a\000t\000i\000s\000t\000i\000c\000a\000l\000\040\000L\000e\000a\000r\000n\000i\000n\000g\000\040\000T\000h\000e\000o\000r\000y}{section.2.2}% 29
\BOOKMARK [3][]{subsubsection*.17}{\376\377\000B\000i\000a\000s\000-\000V\000a\000r\000i\000a\000n\000c\000e\000\040\000D\000e\000c\000o\000m\000p\000o\000s\000i\000t\000i\000o\000n}{subsection.2.2.3}% 30
\BOOKMARK [3][]{subsubsection*.18}{\376\377\000C\000o\000n\000c\000e\000n\000t\000r\000a\000t\000i\000o\000n\000\040\000I\000n\000e\000q\000u\000a\000l\000i\000t\000i\000e\000s}{subsection.2.2.3}% 31
\BOOKMARK [1][]{section.2.3}{\376\377\0002\000.\0003\000\040\000S\000t\000o\000c\000h\000a\000s\000t\000i\000c\000\040\000C\000a\000l\000c\000u\000l\000u\000s\000\040\000a\000n\000d\000\040\000D\000e\000r\000i\000v\000a\000t\000i\000v\000e\000s}{chapter.2}% 32
\BOOKMARK [2][]{subsection.2.3.1}{\376\377\0002\000.\0003\000.\0001\000\040\000I\000t\000\364\000'\000s\000\040\000L\000e\000m\000m\000a}{section.2.3}% 33
\BOOKMARK [2][]{subsection.2.3.2}{\376\377\0002\000.\0003\000.\0002\000\040\000B\000l\000a\000c\000k\000-\000S\000c\000h\000o\000l\000e\000s\000\040\000M\000o\000d\000e\000l}{section.2.3}% 34
\BOOKMARK [3][]{subsubsection*.19}{\376\377\000G\000r\000e\000e\000k\000s}{subsection.2.3.2}% 35
\BOOKMARK [2][]{subsection.2.3.3}{\376\377\0002\000.\0003\000.\0003\000\040\000I\000n\000t\000e\000r\000e\000s\000t\000\040\000R\000a\000t\000e\000\040\000M\000o\000d\000e\000l\000s}{section.2.3}% 36
\BOOKMARK [3][]{subsubsection*.20}{\376\377\000V\000a\000s\000i\000c\000e\000k\000\040\000M\000o\000d\000e\000l}{subsection.2.3.3}% 37
\BOOKMARK [3][]{subsubsection*.21}{\376\377\000C\000o\000x\000-\000I\000n\000g\000e\000r\000s\000o\000l\000l\000-\000R\000o\000s\000s\000\040\000M\000o\000d\000e\000l}{subsection.2.3.3}% 38
\BOOKMARK [2][]{subsection.2.3.4}{\376\377\0002\000.\0003\000.\0004\000\040\000A\000p\000p\000l\000i\000c\000a\000t\000i\000o\000n\000s\000\040\000i\000n\000\040\000R\000i\000s\000k\000\040\000M\000a\000n\000a\000g\000e\000m\000e\000n\000t}{section.2.3}% 39
\BOOKMARK [3][]{subsubsection*.22}{\376\377\000V\000a\000l\000u\000e\000-\000a\000t\000-\000R\000i\000s\000k\000\040\000f\000o\000r\000\040\000D\000e\000r\000i\000v\000a\000t\000i\000v\000e\000s}{subsection.2.3.4}% 40
\BOOKMARK [3][]{subsubsection*.23}{\376\377\000S\000t\000r\000e\000s\000s\000\040\000T\000e\000s\000t\000i\000n\000g}{subsection.2.3.4}% 41
\BOOKMARK [1][]{section.2.4}{\376\377\0002\000.\0004\000\040\000C\000a\000u\000s\000a\000l\000\040\000I\000n\000f\000e\000r\000e\000n\000c\000e\000\040\000a\000n\000d\000\040\000E\000c\000o\000n\000o\000m\000e\000t\000r\000i\000c\000\040\000M\000e\000t\000h\000o\000d\000s}{chapter.2}% 42
\BOOKMARK [2][]{subsection.2.4.1}{\376\377\0002\000.\0004\000.\0001\000\040\000D\000i\000r\000e\000c\000t\000e\000d\000\040\000A\000c\000y\000c\000l\000i\000c\000\040\000G\000r\000a\000p\000h\000s\000\040\000a\000n\000d\000\040\000C\000a\000u\000s\000a\000l\000\040\000M\000o\000d\000e\000l\000i\000n\000g}{section.2.4}% 43
\BOOKMARK [3][]{subsubsection*.24}{\376\377\000S\000t\000r\000u\000c\000t\000u\000r\000a\000l\000\040\000C\000a\000u\000s\000a\000l\000\040\000M\000o\000d\000e\000l\000s}{subsection.2.4.1}% 44
\BOOKMARK [3][]{subsubsection*.25}{\376\377\000D\000o\000-\000C\000a\000l\000c\000u\000l\000u\000s}{subsection.2.4.1}% 45
\BOOKMARK [2][]{subsection.2.4.2}{\376\377\0002\000.\0004\000.\0002\000\040\000D\000i\000f\000f\000e\000r\000e\000n\000c\000e\000-\000i\000n\000-\000D\000i\000f\000f\000e\000r\000e\000n\000c\000e\000s\000\040\000E\000s\000t\000i\000m\000a\000t\000i\000o\000n}{section.2.4}% 46
\BOOKMARK [3][]{subsubsection*.26}{\376\377\000D\000I\000D\000\040\000E\000s\000t\000i\000m\000a\000t\000o\000r}{subsection.2.4.2}% 47
\BOOKMARK [3][]{subsubsection*.27}{\376\377\000P\000a\000r\000a\000l\000l\000e\000l\000\040\000T\000r\000e\000n\000d\000s\000\040\000A\000s\000s\000u\000m\000p\000t\000i\000o\000n}{subsection.2.4.2}% 48
\BOOKMARK [2][]{subsection.2.4.3}{\376\377\0002\000.\0004\000.\0003\000\040\000I\000n\000s\000t\000r\000u\000m\000e\000n\000t\000a\000l\000\040\000V\000a\000r\000i\000a\000b\000l\000e\000s}{section.2.4}% 49
\BOOKMARK [3][]{subsubsection*.28}{\376\377\000I\000V\000\040\000E\000s\000t\000i\000m\000a\000t\000o\000r}{subsection.2.4.3}% 50
\BOOKMARK [3][]{subsubsection*.29}{\376\377\000W\000e\000a\000k\000\040\000I\000n\000s\000t\000r\000u\000m\000e\000n\000t\000s\000\040\000P\000r\000o\000b\000l\000e\000m}{subsection.2.4.3}% 51
\BOOKMARK [2][]{subsection.2.4.4}{\376\377\0002\000.\0004\000.\0004\000\040\000A\000p\000p\000l\000i\000c\000a\000t\000i\000o\000n\000s\000\040\000i\000n\000\040\000T\000r\000a\000d\000i\000n\000g}{section.2.4}% 52
\BOOKMARK [3][]{subsubsection*.30}{\376\377\000C\000a\000u\000s\000a\000l\000\040\000F\000a\000c\000t\000o\000r\000\040\000A\000t\000t\000r\000i\000b\000u\000t\000i\000o\000n}{subsection.2.4.4}% 53
\BOOKMARK [3][]{subsubsection*.31}{\376\377\000E\000v\000e\000n\000t\000\040\000S\000t\000u\000d\000y\000\040\000M\000e\000t\000h\000o\000d\000o\000l\000o\000g\000y}{subsection.2.4.4}% 54
\BOOKMARK [3][]{subsubsection*.32}{\376\377\000N\000a\000t\000u\000r\000a\000l\000\040\000E\000x\000p\000e\000r\000i\000m\000e\000n\000t\000s}{subsection.2.4.4}% 55
\BOOKMARK [1][]{section.2.5}{\376\377\0002\000.\0005\000\040\000P\000r\000o\000b\000a\000b\000i\000l\000i\000t\000y\000\040\000a\000n\000d\000\040\000S\000t\000a\000t\000i\000s\000t\000i\000c\000s\000:\000\040\000T\000h\000e\000\040\000B\000a\000s\000e\000\040\000F\000l\000a\000v\000o\000r\000s}{chapter.2}% 56
\BOOKMARK [2][]{subsection.2.5.1}{\376\377\0002\000.\0005\000.\0001\000\040\000R\000e\000c\000i\000p\000e\000\040\0002\000.\0001\000:\000\040\000R\000o\000b\000u\000s\000t\000\040\000S\000t\000a\000t\000i\000s\000t\000i\000c\000a\000l\000\040\000M\000e\000a\000s\000u\000r\000e\000s}{section.2.5}% 57
\BOOKMARK [2][]{subsection.2.5.2}{\376\377\0002\000.\0005\000.\0002\000\040\000R\000e\000c\000i\000p\000e\000\040\0002\000.\0002\000:\000\040\000T\000i\000m\000e\000\040\000S\000e\000r\000i\000e\000s\000\040\000A\000n\000a\000l\000y\000s\000i\000s\000\040\000T\000o\000o\000l\000k\000i\000t}{section.2.5}% 58
\BOOKMARK [1][]{section.2.6}{\376\377\0002\000.\0006\000\040\000P\000o\000r\000t\000f\000o\000l\000i\000o\000\040\000T\000h\000e\000o\000r\000y\000:\000\040\000T\000h\000e\000\040\000M\000a\000s\000t\000e\000r\000\040\000R\000e\000c\000i\000p\000e}{chapter.2}% 59
\BOOKMARK [2][]{subsection.2.6.1}{\376\377\0002\000.\0006\000.\0001\000\040\000M\000o\000d\000e\000r\000n\000\040\000P\000o\000r\000t\000f\000o\000l\000i\000o\000\040\000O\000p\000t\000i\000m\000i\000z\000a\000t\000i\000o\000n}{section.2.6}% 60
\BOOKMARK [3][]{subsubsection*.33}{\376\377\000M\000a\000r\000k\000o\000w\000i\000t\000z\000\040\000P\000o\000r\000t\000f\000o\000l\000i\000o\000\040\000O\000p\000t\000i\000m\000i\000z\000a\000t\000i\000o\000n}{subsection.2.6.1}% 61
\BOOKMARK [3][]{subsubsection*.34}{\376\377\000C\000a\000p\000i\000t\000a\000l\000\040\000A\000s\000s\000e\000t\000\040\000P\000r\000i\000c\000i\000n\000g\000\040\000M\000o\000d\000e\000l}{subsection.2.6.1}% 62
\BOOKMARK [3][]{subsubsection*.35}{\376\377\000F\000a\000m\000a\000-\000F\000r\000e\000n\000c\000h\000\040\000T\000h\000r\000e\000e\000-\000F\000a\000c\000t\000o\000r\000\040\000M\000o\000d\000e\000l}{subsection.2.6.1}% 63
\BOOKMARK [3][]{subsubsection*.36}{\376\377\000B\000l\000a\000c\000k\000-\000L\000i\000t\000t\000e\000r\000m\000a\000n\000\040\000M\000o\000d\000e\000l}{subsection.2.6.1}% 64
\BOOKMARK [2][]{subsection.2.6.2}{\376\377\0002\000.\0006\000.\0002\000\040\000R\000i\000s\000k\000\040\000P\000a\000r\000i\000t\000y\000\040\000a\000n\000d\000\040\000E\000q\000u\000a\000l\000\040\000R\000i\000s\000k\000\040\000C\000o\000n\000t\000r\000i\000b\000u\000t\000i\000o\000n}{section.2.6}% 65
\BOOKMARK [3][]{subsubsection*.37}{\376\377\000R\000i\000s\000k\000\040\000P\000a\000r\000i\000t\000y\000\040\000O\000p\000t\000i\000m\000i\000z\000a\000t\000i\000o\000n}{subsection.2.6.2}% 66
\BOOKMARK [2][]{subsection.2.6.3}{\376\377\0002\000.\0006\000.\0003\000\040\000R\000e\000c\000i\000p\000e\000\040\0002\000.\0003\000:\000\040\000M\000o\000d\000e\000r\000n\000\040\000P\000o\000r\000t\000f\000o\000l\000i\000o\000\040\000O\000p\000t\000i\000m\000i\000z\000a\000t\000i\000o\000n}{section.2.6}% 67
\BOOKMARK [0][]{chapter.3}{\376\377\0003\000\040\000F\000a\000c\000t\000o\000r\000\040\000C\000o\000o\000k\000i\000n\000g\000:\000\040\000T\000h\000e\000\040\000C\000o\000r\000e\000\040\000I\000n\000g\000r\000e\000d\000i\000e\000n\000t\000s}{}% 68
\BOOKMARK [1][]{section.3.1}{\376\377\0003\000.\0001\000\040\000F\000a\000c\000t\000o\000r\000\040\000C\000o\000n\000s\000t\000r\000u\000c\000t\000i\000o\000n\000:\000\040\000F\000r\000o\000m\000\040\000R\000a\000w\000\040\000I\000n\000g\000r\000e\000d\000i\000e\000n\000t\000s\000\040\000t\000o\000\040\000R\000e\000f\000i\000n\000e\000d\000\040\000S\000i\000g\000n\000a\000l\000s}{chapter.3}% 69
\BOOKMARK [2][]{subsection.3.1.1}{\376\377\0003\000.\0001\000.\0001\000\040\000F\000a\000c\000t\000o\000r\000\040\000C\000a\000t\000e\000g\000o\000r\000i\000e\000s\000\040\000a\000n\000d\000\040\000M\000a\000t\000h\000e\000m\000a\000t\000i\000c\000a\000l\000\040\000F\000o\000u\000n\000d\000a\000t\000i\000o\000n\000s}{section.3.1}% 70
\BOOKMARK [3][]{subsubsection*.38}{\376\377\000D\000e\000f\000e\000n\000s\000i\000v\000e\000\040\000F\000a\000c\000t\000o\000r\000s\000:\000\040\000R\000i\000s\000k\000\040\000M\000a\000n\000a\000g\000e\000m\000e\000n\000t}{subsection.3.1.1}% 71
\BOOKMARK [3][]{subsubsection*.39}{\376\377\000M\000o\000m\000e\000n\000t\000u\000m\000\040\000F\000a\000c\000t\000o\000r\000s\000:\000\040\000T\000r\000e\000n\000d\000\040\000F\000o\000l\000l\000o\000w\000i\000n\000g}{subsection.3.1.1}% 72
\BOOKMARK [2][]{subsection.3.1.2}{\376\377\0003\000.\0001\000.\0002\000\040\000R\000e\000c\000i\000p\000e\000\040\0003\000.\0001\000:\000\040\000M\000o\000m\000e\000n\000t\000u\000m\000\040\000F\000a\000c\000t\000o\000r\000\040\000F\000a\000m\000i\000l\000y}{section.3.1}% 73
\BOOKMARK [2][]{subsection.3.1.3}{\376\377\0003\000.\0001\000.\0003\000\040\000R\000e\000c\000i\000p\000e\000\040\0003\000.\0002\000:\000\040\000M\000i\000c\000r\000o\000s\000t\000r\000u\000c\000t\000u\000r\000e\000\040\000F\000a\000c\000t\000o\000r\000\040\000K\000i\000t\000c\000h\000e\000n}{section.3.1}% 74
\BOOKMARK [3][]{subsubsection*.40}{\376\377\000I\000n\000v\000e\000n\000t\000o\000r\000y\000\040\000M\000a\000n\000a\000g\000e\000m\000e\000n\000t}{subsection.3.1.3}% 75
\BOOKMARK [3][]{subsubsection*.41}{\376\377\000A\000d\000v\000e\000r\000s\000e\000\040\000S\000e\000l\000e\000c\000t\000i\000o\000n}{subsection.3.1.3}% 76
\BOOKMARK [3][]{subsubsection*.42}{\376\377\000L\000i\000q\000u\000i\000d\000i\000t\000y\000\040\000M\000e\000a\000s\000u\000r\000e\000m\000e\000n\000t}{subsection.3.1.3}% 77
\BOOKMARK [2][]{subsection.3.1.4}{\376\377\0003\000.\0001\000.\0004\000\040\000R\000e\000c\000i\000p\000e\000\040\0003\000.\0003\000:\000\040\000B\000e\000h\000a\000v\000i\000o\000r\000a\000l\000\040\000F\000i\000n\000a\000n\000c\000e\000\040\000F\000a\000c\000t\000o\000r\000\040\000L\000a\000b\000o\000r\000a\000t\000o\000r\000y}{section.3.1}% 78
\BOOKMARK [0][]{chapter.4}{\376\377\0004\000\040\000S\000t\000r\000a\000t\000e\000g\000y\000\040\000A\000s\000s\000e\000m\000b\000l\000y\000:\000\040\000C\000o\000m\000b\000i\000n\000i\000n\000g\000\040\000I\000n\000g\000r\000e\000d\000i\000e\000n\000t\000s}{}% 79
\BOOKMARK [1][]{section.4.1}{\376\377\0004\000.\0001\000\040\000B\000u\000i\000l\000d\000i\000n\000g\000\040\000C\000o\000m\000p\000l\000e\000t\000e\000\040\000S\000t\000r\000a\000t\000e\000g\000i\000e\000s}{chapter.4}% 80
\BOOKMARK [2][]{subsection.4.1.1}{\376\377\0004\000.\0001\000.\0001\000\040\000R\000e\000c\000i\000p\000e\000\040\0004\000.\0003\000:\000\040\000Q\0002\0003\000\040\000C\000o\000m\000p\000o\000s\000e\000r\000\040\000v\0001\000\040\000S\000h\000a\000r\000p\000e\000-\000O\000p\000t\000i\000m\000i\000z\000e\000d\000\040\000S\000t\000r\000a\000t\000e\000g\000y}{section.4.1}% 81
\BOOKMARK [2][]{subsection.4.1.2}{\376\377\0004\000.\0001\000.\0002\000\040\000R\000e\000c\000i\000p\000e\000\040\0004\000.\0004\000:\000\040\000O\000U\000\040\000v\0001\000\040\000M\000e\000a\000n\000-\000R\000e\000v\000e\000r\000s\000i\000o\000n\000\040\000S\000t\000r\000a\000t\000e\000g\000y}{section.4.1}% 82
\BOOKMARK [2][]{subsection.4.1.3}{\376\377\0004\000.\0001\000.\0003\000\040\000R\000e\000c\000i\000p\000e\000\040\0004\000.\0005\000:\000\040\000Q\000S\0002\0003\000\040\000H\000y\000b\000r\000i\000d\000\040\000A\000l\000p\000h\000a\000\040\000S\000t\000r\000a\000t\000e\000g\000y}{section.4.1}% 83
\BOOKMARK [2][]{subsection.4.1.4}{\376\377\0004\000.\0001\000.\0004\000\040\000R\000e\000c\000i\000p\000e\000\040\0004\000.\0001\000:\000\040\000G\000L\000F\000T\000\040\000v\0003\000\040\000S\000t\000r\000a\000t\000e\000g\000y\000\040\000A\000s\000s\000e\000m\000b\000l\000y}{section.4.1}% 84
\BOOKMARK [2][]{subsection.4.1.5}{\376\377\0004\000.\0001\000.\0005\000\040\000R\000e\000c\000i\000p\000e\000\040\0004\000.\0002\000:\000\040\000N\000e\000u\000r\000a\000l\000\040\000A\000l\000p\000h\000a\000\040\000S\000t\000r\000a\000t\000e\000g\000y\000\040\000A\000s\000s\000e\000m\000b\000l\000y}{section.4.1}% 85
\BOOKMARK [0][]{chapter.5}{\376\377\0005\000\040\000S\000t\000r\000a\000t\000e\000g\000y\000\040\000C\000o\000m\000p\000a\000r\000i\000s\000o\000n\000:\000\040\000B\000a\000t\000t\000l\000e\000\040\000o\000f\000\040\000t\000h\000e\000\040\000A\000l\000p\000h\000a\000s}{}% 86
\BOOKMARK [1][]{section.5.1}{\376\377\0005\000.\0001\000\040\000C\000o\000m\000p\000r\000e\000h\000e\000n\000s\000i\000v\000e\000\040\000S\000t\000r\000a\000t\000e\000g\000y\000\040\000A\000n\000a\000l\000y\000s\000i\000s}{chapter.5}% 87
\BOOKMARK [2][]{subsection.5.1.1}{\376\377\0005\000.\0001\000.\0001\000\040\000R\000e\000c\000i\000p\000e\000\040\0006\000.\0000\000:\000\040\000M\000u\000l\000t\000i\000-\000S\000t\000r\000a\000t\000e\000g\000y\000\040\000C\000o\000m\000p\000a\000r\000i\000s\000o\000n\000\040\000F\000r\000a\000m\000e\000w\000o\000r\000k}{section.5.1}% 88
\BOOKMARK [1][]{section.5.2}{\376\377\0005\000.\0002\000\040\000S\000t\000r\000a\000t\000e\000g\000y\000\040\000S\000e\000l\000e\000c\000t\000i\000o\000n\000\040\000F\000r\000a\000m\000e\000w\000o\000r\000k}{chapter.5}% 89
\BOOKMARK [2][]{subsection.5.2.1}{\376\377\0005\000.\0002\000.\0001\000\040\000R\000e\000c\000i\000p\000e\000\040\0006\000.\0001\000:\000\040\000O\000p\000t\000i\000m\000a\000l\000\040\000S\000t\000r\000a\000t\000e\000g\000y\000\040\000A\000l\000l\000o\000c\000a\000t\000i\000o\000n}{section.5.2}% 90
\BOOKMARK [0][]{chapter.6}{\376\377\0006\000\040\000R\000i\000s\000k\000\040\000M\000a\000n\000a\000g\000e\000m\000e\000n\000t\000:\000\040\000T\000h\000e\000\040\000S\000a\000f\000e\000t\000y\000\040\000N\000e\000t}{}% 91
\BOOKMARK [1][]{section.6.1}{\376\377\0006\000.\0001\000\040\000A\000d\000v\000a\000n\000c\000e\000d\000\040\000R\000i\000s\000k\000\040\000C\000o\000n\000t\000r\000o\000l\000\040\000S\000y\000s\000t\000e\000m\000s}{chapter.6}% 92
\BOOKMARK [2][]{subsection.6.1.1}{\376\377\0006\000.\0001\000.\0001\000\040\000R\000e\000c\000i\000p\000e\000\040\0005\000.\0001\000:\000\040\000D\000y\000n\000a\000m\000i\000c\000\040\000V\000o\000l\000a\000t\000i\000l\000i\000t\000y\000\040\000T\000a\000r\000g\000e\000t\000i\000n\000g}{section.6.1}% 93
\BOOKMARK [2][]{subsection.6.1.2}{\376\377\0006\000.\0001\000.\0002\000\040\000R\000e\000c\000i\000p\000e\000\040\0005\000.\0002\000:\000\040\000D\000r\000a\000w\000d\000o\000w\000n\000\040\000C\000o\000n\000t\000r\000o\000l\000\040\000S\000y\000s\000t\000e\000m}{section.6.1}% 94
\BOOKMARK [0][]{chapter.7}{\376\377\0007\000\040\000P\000e\000r\000f\000o\000r\000m\000a\000n\000c\000e\000\040\000A\000n\000a\000l\000y\000s\000i\000s\000:\000\040\000M\000e\000a\000s\000u\000r\000i\000n\000g\000\040\000S\000u\000c\000c\000e\000s\000s}{}% 95
\BOOKMARK [1][]{section.7.1}{\376\377\0007\000.\0001\000\040\000C\000o\000m\000p\000r\000e\000h\000e\000n\000s\000i\000v\000e\000\040\000P\000e\000r\000f\000o\000r\000m\000a\000n\000c\000e\000\040\000M\000e\000t\000r\000i\000c\000s}{chapter.7}% 96
\BOOKMARK [2][]{subsection.7.1.1}{\376\377\0007\000.\0001\000.\0001\000\040\000R\000e\000c\000i\000p\000e\000\040\0006\000.\0001\000:\000\040\000Q\0002\0003\000\040\000P\000e\000r\000f\000o\000r\000m\000a\000n\000c\000e\000\040\000A\000n\000a\000l\000y\000t\000i\000c\000s\000\040\000S\000u\000i\000t\000e}{section.7.1}% 97
\BOOKMARK [0][]{chapter.8}{\376\377\0008\000\040\000P\000r\000o\000d\000u\000c\000t\000i\000o\000n\000\040\000D\000e\000p\000l\000o\000y\000m\000e\000n\000t\000:\000\040\000F\000r\000o\000m\000\040\000B\000a\000c\000k\000t\000e\000s\000t\000\040\000t\000o\000\040\000L\000i\000v\000e\000\040\000T\000r\000a\000d\000i\000n\000g}{}% 98
\BOOKMARK [1][]{section.8.1}{\376\377\0008\000.\0001\000\040\000L\000i\000v\000e\000\040\000T\000r\000a\000d\000i\000n\000g\000\040\000I\000n\000f\000r\000a\000s\000t\000r\000u\000c\000t\000u\000r\000e}{chapter.8}% 99
\BOOKMARK [2][]{subsection.8.1.1}{\376\377\0008\000.\0001\000.\0001\000\040\000R\000e\000c\000i\000p\000e\000\040\0007\000.\0001\000:\000\040\000P\000r\000o\000d\000u\000c\000t\000i\000o\000n\000\040\000S\000t\000r\000a\000t\000e\000g\000y\000\040\000D\000e\000p\000l\000o\000y\000m\000e\000n\000t}{section.8.1}% 100
\BOOKMARK [0][]{chapter.9}{\376\377\0009\000\040\000F\000a\000c\000t\000o\000r\000\040\000E\000n\000c\000y\000c\000l\000o\000p\000e\000d\000i\000a\000:\000\040\000C\000o\000m\000p\000l\000e\000t\000e\000\040\000Q\0002\0003\000\040\000F\000a\000c\000t\000o\000r\000\040\000L\000i\000b\000r\000a\000r\000y}{}% 101
\BOOKMARK [1][]{section.9.1}{\376\377\0009\000.\0001\000\040\000C\000o\000m\000p\000l\000e\000t\000e\000\040\000F\000a\000c\000t\000o\000r\000\040\000R\000e\000f\000e\000r\000e\000n\000c\000e}{chapter.9}% 102
\BOOKMARK [2][]{subsection.9.1.1}{\376\377\0009\000.\0001\000.\0001\000\040\000D\000e\000f\000e\000n\000s\000i\000v\000e\000\040\000F\000a\000c\000t\000o\000r\000s\000\040\000\050\0006\000\051}{section.9.1}% 103
\BOOKMARK [3][]{subsubsection*.43}{\376\377\000I\000n\000v\000e\000r\000s\000e\000\040\000V\000o\000l\000a\000t\000i\000l\000i\000t\000y\000\040\000\050\000i\000n\000v\000\137\000v\000o\000l\000\051}{subsection.9.1.1}% 104
\BOOKMARK [3][]{subsubsection*.44}{\376\377\000I\000n\000v\000e\000r\000s\000e\000\040\000I\000d\000i\000o\000s\000y\000n\000c\000r\000a\000t\000i\000c\000\040\000V\000o\000l\000a\000t\000i\000l\000i\000t\000y\000\040\000\050\000i\000n\000v\000\137\000i\000d\000i\000o\000\051}{subsection.9.1.1}% 105
\BOOKMARK [3][]{subsubsection*.45}{\376\377\000I\000n\000v\000e\000r\000s\000e\000\040\000D\000o\000w\000n\000s\000i\000d\000e\000\040\000V\000o\000l\000a\000t\000i\000l\000i\000t\000y\000\040\000\050\000i\000n\000v\000\137\000d\000o\000w\000n\000\051}{subsection.9.1.1}% 106
\BOOKMARK [3][]{subsubsection*.46}{\376\377\000L\000o\000w\000\040\000C\000o\000r\000r\000e\000l\000a\000t\000i\000o\000n\000\040\000\050\000l\000o\000w\000\137\000c\000o\000r\000r\000\051}{subsection.9.1.1}% 107
\BOOKMARK [3][]{subsubsection*.47}{\376\377\000L\000o\000w\000\040\000B\000e\000t\000a\000\040\000\050\000l\000o\000w\000\137\000b\000e\000t\000a\000\051}{subsection.9.1.1}% 108
\BOOKMARK [3][]{subsubsection*.48}{\376\377\000B\000e\000t\000a\000\040\000S\000t\000a\000b\000i\000l\000i\000t\000y\000\040\000\050\000b\000e\000t\000a\000\137\000s\000t\000a\000b\000i\000l\000i\000t\000y\000\051}{subsection.9.1.1}% 109
\BOOKMARK [2][]{subsection.9.1.2}{\376\377\0009\000.\0001\000.\0002\000\040\000L\000i\000q\000u\000i\000d\000i\000t\000y\000\040\000F\000a\000c\000t\000o\000r\000s\000\040\000\050\0004\000\051}{section.9.1}% 110
\BOOKMARK [3][]{subsubsection*.49}{\376\377\000L\000i\000q\000u\000i\000d\000i\000t\000y\000\040\000\050\000l\000i\000q\000u\000i\000d\000i\000t\000y\000\051}{subsection.9.1.2}% 111
\BOOKMARK [3][]{subsubsection*.50}{\376\377\000A\000m\000i\000h\000u\000d\000\040\000I\000n\000v\000e\000r\000s\000e\000\040\000I\000l\000l\000i\000q\000u\000i\000d\000i\000t\000y\000\040\000\050\000a\000m\000i\000h\000u\000d\000\137\000i\000n\000v\000\051}{subsection.9.1.2}% 112
\BOOKMARK [3][]{subsubsection*.51}{\376\377\000C\000r\000o\000s\000s\000-\000S\000e\000c\000t\000i\000o\000n\000a\000l\000\040\000L\000i\000q\000u\000i\000d\000i\000t\000y\000\040\000R\000a\000n\000k\000\040\000\050\000c\000r\000o\000s\000s\000\137\000l\000i\000q\000u\000i\000d\000i\000t\000y\000\051}{subsection.9.1.2}% 113
\BOOKMARK [2][]{subsection.9.1.3}{\376\377\0009\000.\0001\000.\0003\000\040\000M\000o\000m\000e\000n\000t\000u\000m\000\040\000F\000a\000c\000t\000o\000r\000s\000\040\000\050\0001\0005\000\051}{section.9.1}% 114
\BOOKMARK [3][]{subsubsection*.52}{\376\377\000R\000e\000s\000i\000d\000u\000a\000l\000\040\000M\000o\000m\000e\000n\000t\000u\000m\000\040\000\050\000r\000e\000s\000i\000d\000\137\000m\000o\000m\000\051}{subsection.9.1.3}% 115
\BOOKMARK [3][]{subsubsection*.53}{\376\377\000S\000h\000o\000r\000t\000-\000T\000e\000r\000m\000\040\000R\000e\000s\000i\000d\000u\000a\000l\000\040\000M\000o\000m\000e\000n\000t\000u\000m\000\040\000\050\000r\000e\000s\000i\000d\000\137\000m\000o\000m\000\137\000s\000h\000o\000r\000t\000\051}{subsection.9.1.3}% 116
\BOOKMARK [3][]{subsubsection*.54}{\376\377\000M\000o\000m\000e\000n\000t\000u\000m\000\040\000Q\000u\000a\000l\000i\000t\000y\000\040\000R\000a\000t\000i\000o\000\040\000\050\000m\000o\000m\000e\000n\000t\000u\000m\000\137\000q\000u\000a\000l\000i\000t\000y\000\137\000r\000a\000t\000i\000o\000\051}{subsection.9.1.3}% 117
\BOOKMARK [3][]{subsubsection*.55}{\376\377\000M\000o\000m\000e\000n\000t\000u\000m\000\040\000P\000e\000r\000s\000i\000s\000t\000e\000n\000c\000e\000\040\000\050\000m\000o\000m\000e\000n\000t\000u\000m\000\137\000p\000e\000r\000s\000i\000s\000t\000e\000n\000c\000e\000\051}{subsection.9.1.3}% 118
\BOOKMARK [3][]{subsubsection*.56}{\376\377\000M\000o\000m\000e\000n\000t\000u\000m\000\040\000D\000i\000v\000e\000r\000g\000e\000n\000c\000e\000\040\000\050\000m\000o\000m\000e\000n\000t\000u\000m\000\137\000d\000i\000v\000e\000r\000g\000e\000n\000c\000e\000\051}{subsection.9.1.3}% 119
\BOOKMARK [2][]{subsection.9.1.4}{\376\377\0009\000.\0001\000.\0004\000\040\000R\000e\000v\000e\000r\000s\000a\000l\000\040\000F\000a\000c\000t\000o\000r\000s\000\040\000\050\0004\000\051}{section.9.1}% 120
\BOOKMARK [3][]{subsubsection*.57}{\376\377\000S\000h\000o\000r\000t\000-\000T\000e\000r\000m\000\040\000R\000e\000v\000e\000r\000s\000a\000l\000\040\000\050\000s\000r\000e\000v\000\051}{subsection.9.1.4}% 121
\BOOKMARK [3][]{subsubsection*.58}{\376\377\000L\000o\000n\000g\000-\000T\000e\000r\000m\000\040\000R\000e\000v\000e\000r\000s\000a\000l\000\040\000\050\000l\000r\000e\000v\000\051}{subsection.9.1.4}% 122
\BOOKMARK [2][]{subsection.9.1.5}{\376\377\0009\000.\0001\000.\0005\000\040\000T\000e\000c\000h\000n\000i\000c\000a\000l\000\040\000F\000a\000c\000t\000o\000r\000s\000\040\000\050\0001\0000\000\051}{section.9.1}% 123
\BOOKMARK [3][]{subsubsection*.59}{\376\377\000B\000r\000e\000a\000k\000o\000u\000t\000\040\000\050\000b\000r\000e\000a\000k\000o\000u\000t\000\051}{subsection.9.1.5}% 124
\BOOKMARK [3][]{subsubsection*.60}{\376\377\0005\0002\000-\000W\000e\000e\000k\000\040\000H\000i\000g\000h\000\040\000P\000r\000o\000x\000i\000m\000i\000t\000y\000\040\000\050\000p\000r\000o\000x\000\137\0005\0002\000w\000\137\000h\000i\000g\000h\000\051}{subsection.9.1.5}% 125
\BOOKMARK [3][]{subsubsection*.61}{\376\377\000E\000M\000A\000\040\000S\000l\000o\000p\000e\000\040\000\050\000s\000l\000o\000p\000e\000\051}{subsection.9.1.5}% 126
\BOOKMARK [3][]{subsubsection*.62}{\376\377\000M\000o\000v\000i\000n\000g\000\040\000A\000v\000e\000r\000a\000g\000e\000\040\000C\000l\000o\000u\000d\000\040\000\050\000m\000a\000\137\000c\000l\000o\000u\000d\000\051}{subsection.9.1.5}% 127
\BOOKMARK [3][]{subsubsection*.63}{\376\377\000C\000a\000l\000m\000\040\000F\000l\000o\000w\000\040\000\050\000c\000a\000l\000m\000\137\000f\000l\000o\000w\000\051}{subsection.9.1.5}% 128
\BOOKMARK [3][]{subsubsection*.64}{\376\377\000V\000o\000l\000a\000t\000i\000l\000i\000t\000y\000\040\000B\000r\000e\000a\000k\000o\000u\000t\000\040\000\050\000v\000o\000l\000\137\000b\000r\000e\000a\000k\000o\000u\000t\000\051}{subsection.9.1.5}% 129
\BOOKMARK [2][]{subsection.9.1.6}{\376\377\0009\000.\0001\000.\0006\000\040\000V\000o\000l\000a\000t\000i\000l\000i\000t\000y\000\040\000F\000a\000c\000t\000o\000r\000s\000\040\000\050\0006\000\051}{section.9.1}% 130
\BOOKMARK [3][]{subsubsection*.65}{\376\377\000V\000o\000l\000a\000t\000i\000l\000i\000t\000y\000\040\000S\000u\000r\000p\000r\000i\000s\000e\000\040\000\050\000v\000o\000l\000\137\000s\000u\000r\000p\000r\000i\000s\000e\000\051}{subsection.9.1.6}% 131
\BOOKMARK [3][]{subsubsection*.66}{\376\377\000I\000d\000i\000o\000s\000y\000n\000c\000r\000a\000t\000i\000c\000\040\000T\000a\000i\000l\000\040\000R\000i\000s\000k\000\040\000\050\000i\000d\000i\000o\000\137\000t\000a\000i\000l\000\137\000r\000i\000s\000k\000\051}{subsection.9.1.6}% 132
\BOOKMARK [3][]{subsubsection*.67}{\376\377\000V\000o\000l\000a\000t\000i\000l\000i\000t\000y\000\040\000o\000f\000\040\000V\000o\000l\000a\000t\000i\000l\000i\000t\000y\000\040\000\050\000v\000o\000l\000\137\000o\000f\000\137\000v\000o\000l\000\051}{subsection.9.1.6}% 133
\BOOKMARK [3][]{subsubsection*.68}{\376\377\000S\000k\000e\000w\000n\000e\000s\000s\000\040\000F\000a\000c\000t\000o\000r\000\040\000\050\000s\000k\000e\000w\000n\000e\000s\000s\000\137\000f\000a\000c\000t\000o\000r\000\051}{subsection.9.1.6}% 134
\BOOKMARK [3][]{subsubsection*.69}{\376\377\000K\000u\000r\000t\000o\000s\000i\000s\000\040\000F\000a\000c\000t\000o\000r\000\040\000\050\000k\000u\000r\000t\000o\000s\000i\000s\000\137\000f\000a\000c\000t\000o\000r\000\051}{subsection.9.1.6}% 135
\BOOKMARK [2][]{subsection.9.1.7}{\376\377\0009\000.\0001\000.\0007\000\040\000Q\000u\000a\000l\000i\000t\000y\000/\000V\000a\000l\000u\000e\000\040\000F\000a\000c\000t\000o\000r\000s\000\040\000\050\0007\000\051}{section.9.1}% 136
\BOOKMARK [3][]{subsubsection*.70}{\376\377\000V\000a\000l\000u\000e\000\040\000M\000o\000m\000e\000n\000t\000u\000m\000\040\000\050\000v\000a\000l\000u\000e\000\137\000m\000o\000m\000\051}{subsection.9.1.7}% 137
\BOOKMARK [3][]{subsubsection*.71}{\376\377\000Q\000u\000a\000l\000i\000t\000y\000\040\000D\000e\000f\000e\000n\000s\000i\000v\000e\000\040\000\050\000q\000u\000a\000l\000i\000t\000y\000\137\000d\000e\000f\000e\000n\000s\000i\000v\000e\000\051}{subsection.9.1.7}% 138
\BOOKMARK [3][]{subsubsection*.72}{\376\377\000V\000a\000l\000u\000e\000\040\000S\000c\000o\000r\000e\000\040\000\050\000v\000a\000l\000u\000e\000\137\000s\000c\000o\000r\000e\000\051}{subsection.9.1.7}% 139
\BOOKMARK [2][]{subsection.9.1.8}{\376\377\0009\000.\0001\000.\0008\000\040\000M\000i\000c\000r\000o\000s\000t\000r\000u\000c\000t\000u\000r\000e\000\040\000F\000a\000c\000t\000o\000r\000s\000\040\000\050\0002\0004\000\040\000G\000L\000F\000T\000\051}{section.9.1}% 140
\BOOKMARK [3][]{subsubsection*.73}{\376\377\000O\000r\000d\000e\000r\000\040\000F\000l\000o\000w\000\040\000I\000m\000b\000a\000l\000a\000n\000c\000e\000\040\000\050\000o\000f\000i\000\137\000s\000h\000o\000r\000t\000\051}{subsection.9.1.8}% 141
\BOOKMARK [3][]{subsubsection*.74}{\376\377\000V\000P\000I\000N\000\040\000\050\000v\000p\000i\000n\000\051}{subsection.9.1.8}% 142
\BOOKMARK [3][]{subsubsection*.75}{\376\377\000G\000L\000F\000T\000\040\000O\000p\000t\000i\000m\000a\000l\000\040\000S\000p\000r\000e\000a\000d\000\040\000\050\000g\000l\000f\000t\000\137\000o\000p\000t\000i\000m\000a\000l\000\137\000s\000p\000r\000e\000a\000d\000\051}{subsection.9.1.8}% 143
\BOOKMARK [2][]{subsection.9.1.9}{\376\377\0009\000.\0001\000.\0009\000\040\000B\000e\000h\000a\000v\000i\000o\000r\000a\000l\000\040\000F\000i\000n\000a\000n\000c\000e\000\040\000F\000a\000c\000t\000o\000r\000s\000\040\000\050\0001\0005\000\040\000N\000e\000u\000r\000a\000l\000\040\000A\000l\000p\000h\000a\000\051}{section.9.1}% 144
\BOOKMARK [3][]{subsubsection*.76}{\376\377\000A\000t\000t\000e\000n\000t\000i\000o\000n\000\040\000M\000o\000m\000e\000n\000t\000u\000m\000\040\000\050\000a\000t\000t\000e\000n\000t\000i\000o\000n\000\137\000m\000o\000m\000e\000n\000t\000u\000m\000\051}{subsection.9.1.9}% 145
\BOOKMARK [3][]{subsubsection*.77}{\376\377\000D\000i\000s\000p\000o\000s\000i\000t\000i\000o\000n\000\040\000A\000l\000p\000h\000a\000\040\000\050\000d\000i\000s\000p\000o\000s\000i\000t\000i\000o\000n\000\137\000a\000l\000p\000h\000a\000\051}{subsection.9.1.9}% 146
\BOOKMARK [3][]{subsubsection*.78}{\376\377\000E\000f\000f\000i\000c\000i\000e\000n\000c\000y\000\040\000R\000a\000t\000i\000o\000\040\000\050\000e\000f\000f\000i\000c\000i\000e\000n\000c\000y\000\137\000r\000a\000t\000i\000o\000\051}{subsection.9.1.9}% 147
\BOOKMARK [3][]{subsubsection*.79}{\376\377\000I\000n\000f\000o\000r\000m\000a\000t\000i\000o\000n\000\040\000F\000l\000o\000w\000\040\000\050\000i\000n\000f\000o\000r\000m\000a\000t\000i\000o\000n\000\137\000f\000l\000o\000w\000\051}{subsection.9.1.9}% 148
\BOOKMARK [2][]{subsection.9.1.10}{\376\377\0009\000.\0001\000.\0001\0000\000\040\000O\000r\000n\000s\000t\000e\000i\000n\000-\000U\000h\000l\000e\000n\000b\000e\000c\000k\000\040\000F\000a\000c\000t\000o\000r\000s\000\040\000\050\0008\000\051}{section.9.1}% 149
\BOOKMARK [3][]{subsubsection*.80}{\376\377\000O\000U\000\040\000Z\000-\000S\000c\000o\000r\000e\000\040\000S\000h\000o\000r\000t\000\040\000\050\000o\000u\000\137\000z\000s\000c\000o\000r\000e\000\137\000s\000h\000o\000r\000t\000\051}{subsection.9.1.10}% 150
\BOOKMARK [3][]{subsubsection*.81}{\376\377\000O\000U\000\040\000H\000a\000l\000f\000-\000L\000i\000f\000e\000\040\000S\000i\000g\000n\000a\000l\000\040\000\050\000o\000u\000\137\000h\000a\000l\000f\000l\000i\000f\000e\000\137\000s\000i\000g\000n\000a\000l\000\051}{subsection.9.1.10}% 151
\BOOKMARK [2][]{subsection.9.1.11}{\376\377\0009\000.\0001\000.\0001\0001\000\040\000M\000u\000l\000t\000i\000-\000T\000i\000m\000e\000f\000r\000a\000m\000e\000\040\000F\000a\000c\000t\000o\000r\000s\000\040\000\050\0001\0002\000\051}{section.9.1}% 152
\BOOKMARK [3][]{subsubsection*.82}{\376\377\000M\000T\000F\000\040\000I\000C\000\040\000M\000o\000m\000e\000n\000t\000u\000m\000\040\000\050\000m\000t\000f\000\137\000i\000c\000\137\000m\000o\000m\000e\000n\000t\000u\000m\000\051}{subsection.9.1.11}% 153
\BOOKMARK [3][]{subsubsection*.83}{\376\377\000H\000L\000O\000C\000\040\000C\000l\000o\000s\000e\000\040\000P\000o\000s\000i\000t\000i\000o\000n\000\040\000\050\000h\000l\000o\000c\000\137\000c\000l\000o\000s\000e\000\137\000p\000o\000s\000i\000t\000i\000o\000n\000\051}{subsection.9.1.11}% 154
\BOOKMARK [3][]{subsubsection*.84}{\376\377\000R\000e\000l\000a\000t\000i\000v\000e\000\040\000S\000e\000c\000t\000o\000r\000\040\000M\000o\000m\000e\000n\000t\000u\000m\000\040\000\050\000r\000e\000l\000a\000t\000i\000v\000e\000\137\000s\000e\000c\000t\000o\000r\000\137\000m\000o\000m\000\051}{subsection.9.1.11}% 155
\BOOKMARK [2][]{subsection.9.1.12}{\376\377\0009\000.\0001\000.\0001\0002\000\040\000G\000r\000a\000p\000h\000\040\000N\000e\000u\000r\000a\000l\000\040\000N\000e\000t\000w\000o\000r\000k\000s}{section.9.1}% 156
\BOOKMARK [3][]{subsubsection*.85}{\376\377\000M\000e\000s\000s\000a\000g\000e\000\040\000P\000a\000s\000s\000i\000n\000g\000\040\000N\000e\000u\000r\000a\000l\000\040\000N\000e\000t\000w\000o\000r\000k\000s}{subsection.9.1.12}% 157
\BOOKMARK [3][]{subsubsection*.86}{\376\377\000G\000r\000a\000p\000h\000\040\000A\000t\000t\000e\000n\000t\000i\000o\000n\000\040\000N\000e\000t\000w\000o\000r\000k\000s}{subsection.9.1.12}% 158
\BOOKMARK [3][]{subsubsection*.87}{\376\377\000G\000r\000a\000p\000h\000\040\000I\000s\000o\000m\000o\000r\000p\000h\000i\000s\000m\000\040\000N\000e\000t\000w\000o\000r\000k\000s}{subsection.9.1.12}% 159
\BOOKMARK [2][]{subsection.9.1.13}{\376\377\0009\000.\0001\000.\0001\0003\000\040\000A\000p\000p\000l\000i\000c\000a\000t\000i\000o\000n\000s\000\040\000i\000n\000\040\000S\000y\000s\000t\000e\000m\000a\000t\000i\000c\000\040\000T\000r\000a\000d\000i\000n\000g}{section.9.1}% 160
\BOOKMARK [3][]{subsubsection*.88}{\376\377\000N\000e\000t\000w\000o\000r\000k\000-\000B\000a\000s\000e\000d\000\040\000R\000i\000s\000k\000\040\000C\000o\000n\000t\000a\000g\000i\000o\000n}{subsection.9.1.13}% 161
\BOOKMARK [3][]{subsubsection*.89}{\376\377\000P\000o\000r\000t\000f\000o\000l\000i\000o\000\040\000O\000p\000t\000i\000m\000i\000z\000a\000t\000i\000o\000n\000\040\000o\000n\000\040\000G\000r\000a\000p\000h\000s}{subsection.9.1.13}% 162
\BOOKMARK [1][]{section.9.2}{\376\377\0009\000.\0002\000\040\000T\000o\000p\000o\000l\000o\000g\000i\000c\000a\000l\000\040\000D\000a\000t\000a\000\040\000A\000n\000a\000l\000y\000s\000i\000s}{chapter.9}% 163
\BOOKMARK [2][]{subsection.9.2.1}{\376\377\0009\000.\0002\000.\0001\000\040\000P\000e\000r\000s\000i\000s\000t\000e\000n\000t\000\040\000H\000o\000m\000o\000l\000o\000g\000y}{section.9.2}% 164
\BOOKMARK [3][]{subsubsection*.90}{\376\377\000P\000e\000r\000s\000i\000s\000t\000e\000n\000t\000\040\000D\000i\000a\000g\000r\000a\000m\000s}{subsection.9.2.1}% 165
\BOOKMARK [3][]{subsubsection*.91}{\376\377\000W\000a\000s\000s\000e\000r\000s\000t\000e\000i\000n\000\040\000D\000i\000s\000t\000a\000n\000c\000e\000\040\000o\000n\000\040\000D\000i\000a\000g\000r\000a\000m\000s}{subsection.9.2.1}% 166
\BOOKMARK [2][]{subsection.9.2.2}{\376\377\0009\000.\0002\000.\0002\000\040\000F\000i\000n\000a\000n\000c\000i\000a\000l\000\040\000A\000p\000p\000l\000i\000c\000a\000t\000i\000o\000n\000s}{section.9.2}% 167
\BOOKMARK [3][]{subsubsection*.92}{\376\377\000M\000a\000r\000k\000e\000t\000\040\000R\000e\000g\000i\000m\000e\000\040\000D\000e\000t\000e\000c\000t\000i\000o\000n}{subsection.9.2.2}% 168
\BOOKMARK [3][]{subsubsection*.93}{\376\377\000C\000r\000a\000s\000h\000\040\000P\000r\000e\000d\000i\000c\000t\000i\000o\000n}{subsection.9.2.2}% 169
\BOOKMARK [1][]{section.9.3}{\376\377\0009\000.\0003\000\040\000I\000n\000f\000o\000r\000m\000a\000t\000i\000o\000n\000\040\000G\000e\000o\000m\000e\000t\000r\000y\000\040\000a\000n\000d\000\040\000N\000a\000t\000u\000r\000a\000l\000\040\000G\000r\000a\000d\000i\000e\000n\000t\000s}{chapter.9}% 170
\BOOKMARK [2][]{subsection.9.3.1}{\376\377\0009\000.\0003\000.\0001\000\040\000F\000i\000s\000h\000e\000r\000\040\000I\000n\000f\000o\000r\000m\000a\000t\000i\000o\000n\000\040\000M\000a\000t\000r\000i\000x}{section.9.3}% 171
\BOOKMARK [3][]{subsubsection*.94}{\376\377\000F\000i\000s\000h\000e\000r\000\040\000I\000n\000f\000o\000r\000m\000a\000t\000i\000o\000n}{subsection.9.3.1}% 172
\BOOKMARK [3][]{subsubsection*.95}{\376\377\000I\000n\000f\000o\000r\000m\000a\000t\000i\000o\000n\000\040\000G\000e\000o\000m\000e\000t\000r\000y}{subsection.9.3.1}% 173
\BOOKMARK [2][]{subsection.9.3.2}{\376\377\0009\000.\0003\000.\0002\000\040\000A\000p\000p\000l\000i\000c\000a\000t\000i\000o\000n\000s\000\040\000i\000n\000\040\000O\000p\000t\000i\000m\000i\000z\000a\000t\000i\000o\000n}{section.9.3}% 174
\BOOKMARK [3][]{subsubsection*.96}{\376\377\000N\000a\000t\000u\000r\000a\000l\000\040\000G\000r\000a\000d\000i\000e\000n\000t\000\040\000D\000e\000s\000c\000e\000n\000t}{subsection.9.3.2}% 175
\BOOKMARK [3][]{subsubsection*.97}{\376\377\000T\000r\000u\000s\000t\000\040\000R\000e\000g\000i\000o\000n\000\040\000N\000a\000t\000u\000r\000a\000l\000\040\000G\000r\000a\000d\000i\000e\000n\000t}{subsection.9.3.2}% 176
\BOOKMARK [1][]{section.9.4}{\376\377\0009\000.\0004\000\040\000O\000p\000t\000i\000m\000a\000l\000\040\000T\000r\000a\000n\000s\000p\000o\000r\000t\000\040\000a\000n\000d\000\040\000D\000i\000s\000t\000r\000i\000b\000u\000t\000i\000o\000n\000\040\000M\000a\000t\000c\000h\000i\000n\000g}{chapter.9}% 177
\BOOKMARK [2][]{subsection.9.4.1}{\376\377\0009\000.\0004\000.\0001\000\040\000W\000a\000s\000s\000e\000r\000s\000t\000e\000i\000n\000\040\000D\000i\000s\000t\000a\000n\000c\000e}{section.9.4}% 178
\BOOKMARK [3][]{subsubsection*.98}{\376\377\0001\000-\000W\000a\000s\000s\000e\000r\000s\000t\000e\000i\000n\000\040\000D\000i\000s\000t\000a\000n\000c\000e}{subsection.9.4.1}% 179
\BOOKMARK [2][]{subsection.9.4.2}{\376\377\0009\000.\0004\000.\0002\000\040\000R\000e\000c\000i\000p\000e\000\040\0009\000.\0008\000:\000\040\000C\000o\000m\000p\000r\000e\000h\000e\000n\000s\000i\000v\000e\000\040\000A\000l\000p\000h\000a\000\040\000F\000a\000c\000t\000o\000r\000\040\000G\000r\000i\000d\000\040\000S\000e\000a\000r\000c\000h}{section.9.4}% 180
\BOOKMARK [0][]{chapter.10}{\376\377\0001\0000\000\040\000C\000o\000n\000c\000l\000u\000s\000i\000o\000n\000:\000\040\000Y\000o\000u\000r\000\040\000Q\000u\000a\000n\000t\000\040\000J\000o\000u\000r\000n\000e\000y\000\040\000B\000e\000g\000i\000n\000s}{}% 181
\BOOKMARK [1][]{section.10.1}{\376\377\0001\0000\000.\0001\000\040\000T\000h\000e\000\040\000C\000o\000m\000p\000l\000e\000t\000e\000\040\000Q\000u\000a\000n\000t\000\040\000T\000o\000o\000l\000k\000i\000t}{chapter.10}% 182
\BOOKMARK [1][]{section.10.2}{\376\377\0001\0000\000.\0002\000\040\000T\000h\000e\000\040\000Q\0002\0003\000\040\000P\000h\000i\000l\000o\000s\000o\000p\000h\000y\000\040\000i\000n\000\040\000A\000c\000t\000i\000o\000n}{chapter.10}% 183
\BOOKMARK [1][]{section.10.3}{\376\377\0001\0000\000.\0003\000\040\000Y\000o\000u\000r\000\040\000N\000e\000x\000t\000\040\000S\000t\000e\000p\000s}{chapter.10}% 184
\BOOKMARK [1][]{section.10.4}{\376\377\0001\0000\000.\0004\000\040\000F\000i\000n\000a\000l\000\040\000W\000o\000r\000d\000s}{chapter.10}% 185
\BOOKMARK [0][]{appendix.A}{\376\377\000A\000\040\000M\000a\000t\000h\000e\000m\000a\000t\000i\000c\000a\000l\000\040\000A\000p\000p\000e\000n\000d\000i\000x}{}% 186
\BOOKMARK [1][]{section.A.1}{\376\377\000A\000.\0001\000\040\000F\000u\000n\000d\000a\000m\000e\000n\000t\000a\000l\000\040\000T\000h\000e\000o\000r\000e\000m\000s}{appendix.A}% 187
\BOOKMARK [2][]{subsection.A.1.1}{\376\377\000A\000.\0001\000.\0001\000\040\000T\000h\000e\000\040\000C\000e\000n\000t\000r\000a\000l\000\040\000L\000i\000m\000i\000t\000\040\000T\000h\000e\000o\000r\000e\000m}{section.A.1}% 188
\BOOKMARK [2][]{subsection.A.1.2}{\376\377\000A\000.\0001\000.\0002\000\040\000L\000a\000w\000\040\000o\000f\000\040\000L\000a\000r\000g\000e\000\040\000N\000u\000m\000b\000e\000r\000s}{section.A.1}% 189
\BOOKMARK [1][]{section.A.2}{\376\377\000A\000.\0002\000\040\000P\000o\000r\000t\000f\000o\000l\000i\000o\000\040\000T\000h\000e\000o\000r\000y}{appendix.A}% 190
\BOOKMARK [2][]{subsection.A.2.1}{\376\377\000A\000.\0002\000.\0001\000\040\000M\000a\000r\000k\000o\000w\000i\000t\000z\000\040\000P\000o\000r\000t\000f\000o\000l\000i\000o\000\040\000O\000p\000t\000i\000m\000i\000z\000a\000t\000i\000o\000n}{section.A.2}% 191
\BOOKMARK [2][]{subsection.A.2.2}{\376\377\000A\000.\0002\000.\0002\000\040\000C\000a\000p\000i\000t\000a\000l\000\040\000A\000s\000s\000e\000t\000\040\000P\000r\000i\000c\000i\000n\000g\000\040\000M\000o\000d\000e\000l}{section.A.2}% 192
\BOOKMARK [2][]{subsection.A.2.3}{\376\377\000A\000.\0002\000.\0003\000\040\000F\000a\000m\000a\000-\000F\000r\000e\000n\000c\000h\000\040\000T\000h\000r\000e\000e\000-\000F\000a\000c\000t\000o\000r\000\040\000M\000o\000d\000e\000l}{section.A.2}% 193
\BOOKMARK [1][]{section.A.3}{\376\377\000A\000.\0003\000\040\000T\000i\000m\000e\000\040\000S\000e\000r\000i\000e\000s\000\040\000A\000n\000a\000l\000y\000s\000i\000s}{appendix.A}% 194
\BOOKMARK [2][]{subsection.A.3.1}{\376\377\000A\000.\0003\000.\0001\000\040\000A\000R\000I\000M\000A\000\040\000P\000r\000o\000c\000e\000s\000s}{section.A.3}% 195
\BOOKMARK [2][]{subsection.A.3.2}{\376\377\000A\000.\0003\000.\0002\000\040\000G\000A\000R\000C\000H\000\040\000V\000o\000l\000a\000t\000i\000l\000i\000t\000y\000\040\000M\000o\000d\000e\000l\000i\000n\000g}{section.A.3}% 196
\BOOKMARK [1][]{section.A.4}{\376\377\000A\000.\0004\000\040\000N\000e\000t\000w\000o\000r\000k\000\040\000T\000h\000e\000o\000r\000y\000\040\000a\000n\000d\000\040\000S\000y\000s\000t\000e\000m\000i\000c\000\040\000R\000i\000s\000k}{appendix.A}% 197
\BOOKMARK [2][]{subsection.A.4.1}{\376\377\000A\000.\0004\000.\0001\000\040\000G\000r\000a\000p\000h\000\040\000T\000h\000e\000o\000r\000y\000\040\000i\000n\000\040\000F\000i\000n\000a\000n\000c\000i\000a\000l\000\040\000M\000a\000r\000k\000e\000t\000s}{section.A.4}% 198
\BOOKMARK [3][]{subsubsection*.99}{\376\377\000A\000s\000s\000e\000t\000\040\000C\000o\000r\000r\000e\000l\000a\000t\000i\000o\000n\000\040\000N\000e\000t\000w\000o\000r\000k\000s}{subsection.A.4.1}% 199
\BOOKMARK [3][]{subsubsection*.100}{\376\377\000M\000i\000n\000i\000m\000u\000m\000\040\000S\000p\000a\000n\000n\000i\000n\000g\000\040\000T\000r\000e\000e\000\040\000A\000n\000a\000l\000y\000s\000i\000s}{subsection.A.4.1}% 200
\BOOKMARK [2][]{subsection.A.4.2}{\376\377\000A\000.\0004\000.\0002\000\040\000S\000y\000s\000t\000e\000m\000i\000c\000\040\000R\000i\000s\000k\000\040\000M\000e\000a\000s\000u\000r\000e\000s}{section.A.4}% 201
\BOOKMARK [3][]{subsubsection*.101}{\376\377\000C\000o\000n\000t\000a\000g\000i\000o\000n\000\040\000M\000o\000d\000e\000l\000s}{subsection.A.4.2}% 202
\BOOKMARK [3][]{subsubsection*.102}{\376\377\000S\000R\000I\000S\000K\000\040\000M\000e\000a\000s\000u\000r\000e}{subsection.A.4.2}% 203
\BOOKMARK [3][]{subsubsection*.103}{\376\377\000C\000o\000V\000a\000R}{subsection.A.4.2}% 204
\BOOKMARK [2][]{subsection.A.4.3}{\376\377\000A\000.\0004\000.\0003\000\040\000C\000e\000n\000t\000r\000a\000l\000i\000t\000y\000\040\000M\000e\000a\000s\000u\000r\000e\000s\000\040\000i\000n\000\040\000F\000i\000n\000a\000n\000c\000i\000a\000l\000\040\000N\000e\000t\000w\000o\000r\000k\000s}{section.A.4}% 205
\BOOKMARK [3][]{subsubsection*.104}{\376\377\000D\000e\000g\000r\000e\000e\000\040\000C\000e\000n\000t\000r\000a\000l\000i\000t\000y}{subsection.A.4.3}% 206
\BOOKMARK [3][]{subsubsection*.105}{\376\377\000B\000e\000t\000w\000e\000e\000n\000n\000e\000s\000s\000\040\000C\000e\000n\000t\000r\000a\000l\000i\000t\000y}{subsection.A.4.3}% 207
\BOOKMARK [3][]{subsubsection*.106}{\376\377\000E\000i\000g\000e\000n\000v\000e\000c\000t\000o\000r\000\040\000C\000e\000n\000t\000r\000a\000l\000i\000t\000y}{subsection.A.4.3}% 208
\BOOKMARK [2][]{subsection.A.4.4}{\376\377\000A\000.\0004\000.\0004\000\040\000A\000p\000p\000l\000i\000c\000a\000t\000i\000o\000n\000s\000\040\000i\000n\000\040\000P\000o\000r\000t\000f\000o\000l\000i\000o\000\040\000C\000o\000n\000s\000t\000r\000u\000c\000t\000i\000o\000n}{section.A.4}% 209
\BOOKMARK [3][]{subsubsection*.107}{\376\377\000N\000e\000t\000w\000o\000r\000k\000-\000B\000a\000s\000e\000d\000\040\000D\000i\000v\000e\000r\000s\000i\000f\000i\000c\000a\000t\000i\000o\000n}{subsection.A.4.4}% 210
\BOOKMARK [3][]{subsubsection*.108}{\376\377\000S\000y\000s\000t\000e\000m\000i\000c\000\040\000R\000i\000s\000k\000\040\000H\000e\000d\000g\000i\000n\000g}{subsection.A.4.4}% 211
\BOOKMARK [3][]{subsubsection*.109}{\376\377\000C\000o\000m\000m\000u\000n\000i\000t\000y\000\040\000D\000e\000t\000e\000c\000t\000i\000o\000n}{subsection.A.4.4}% 212
\BOOKMARK [1][]{section.A.5}{\376\377\000A\000.\0005\000\040\000M\000a\000c\000h\000i\000n\000e\000\040\000L\000e\000a\000r\000n\000i\000n\000g\000\040\000T\000h\000e\000o\000r\000y}{appendix.A}% 213
\BOOKMARK [2][]{subsection.A.5.1}{\376\377\000A\000.\0005\000.\0001\000\040\000B\000i\000a\000s\000-\000V\000a\000r\000i\000a\000n\000c\000e\000\040\000D\000e\000c\000o\000m\000p\000o\000s\000i\000t\000i\000o\000n}{section.A.5}% 214
\BOOKMARK [2][]{subsection.A.5.2}{\376\377\000A\000.\0005\000.\0002\000\040\000H\000i\000g\000h\000-\000D\000i\000m\000e\000n\000s\000i\000o\000n\000a\000l\000\040\000S\000t\000a\000t\000i\000s\000t\000i\000c\000s\000\040\000a\000n\000d\000\040\000R\000e\000g\000u\000l\000a\000r\000i\000z\000a\000t\000i\000o\000n}{section.A.5}% 215
\BOOKMARK [3][]{subsubsection*.110}{\376\377\000L\000a\000s\000s\000o\000\040\000R\000e\000g\000r\000e\000s\000s\000i\000o\000n\000\040\000f\000o\000r\000\040\000S\000p\000a\000r\000s\000e\000\040\000F\000a\000c\000t\000o\000r\000\040\000M\000o\000d\000e\000l\000s}{subsection.A.5.2}% 216
\BOOKMARK [3][]{subsubsection*.111}{\376\377\000R\000i\000d\000g\000e\000\040\000R\000e\000g\000r\000e\000s\000s\000i\000o\000n\000\040\000a\000n\000d\000\040\000B\000i\000a\000s\000-\000V\000a\000r\000i\000a\000n\000c\000e\000\040\000T\000r\000a\000d\000e\000o\000f\000f}{subsection.A.5.2}% 217
\BOOKMARK [3][]{subsubsection*.112}{\376\377\000E\000l\000a\000s\000t\000i\000c\000\040\000N\000e\000t\000\040\000R\000e\000g\000u\000l\000a\000r\000i\000z\000a\000t\000i\000o\000n}{subsection.A.5.2}% 218
\BOOKMARK [3][]{subsubsection*.113}{\376\377\000P\000r\000i\000n\000c\000i\000p\000a\000l\000\040\000C\000o\000m\000p\000o\000n\000e\000n\000t\000\040\000R\000e\000g\000r\000e\000s\000s\000i\000o\000n}{subsection.A.5.2}% 219
\BOOKMARK [2][]{subsection.A.5.3}{\376\377\000A\000.\0005\000.\0003\000\040\000V\000C\000\040\000D\000i\000m\000e\000n\000s\000i\000o\000n\000\040\000a\000n\000d\000\040\000M\000o\000d\000e\000l\000\040\000C\000o\000m\000p\000l\000e\000x\000i\000t\000y}{section.A.5}% 220
\BOOKMARK [3][]{subsubsection*.114}{\376\377\000R\000a\000d\000e\000m\000a\000c\000h\000e\000r\000\040\000C\000o\000m\000p\000l\000e\000x\000i\000t\000y}{subsection.A.5.3}% 221
\BOOKMARK [1][]{section.A.6}{\376\377\000A\000.\0006\000\040\000I\000n\000f\000o\000r\000m\000a\000t\000i\000o\000n\000\040\000T\000h\000e\000o\000r\000y\000\040\000a\000n\000d\000\040\000E\000n\000t\000r\000o\000p\000y}{appendix.A}% 222
\BOOKMARK [2][]{subsection.A.6.1}{\376\377\000A\000.\0006\000.\0001\000\040\000K\000u\000l\000l\000b\000a\000c\000k\000-\000L\000e\000i\000b\000l\000e\000r\000\040\000D\000i\000v\000e\000r\000g\000e\000n\000c\000e}{section.A.6}% 223
\BOOKMARK [2][]{subsection.A.6.2}{\376\377\000A\000.\0006\000.\0002\000\040\000M\000u\000t\000u\000a\000l\000\040\000I\000n\000f\000o\000r\000m\000a\000t\000i\000o\000n}{section.A.6}% 224
\BOOKMARK [2][]{subsection.A.6.3}{\376\377\000A\000.\0006\000.\0003\000\040\000A\000p\000p\000l\000i\000c\000a\000t\000i\000o\000n\000s\000\040\000i\000n\000\040\000T\000r\000a\000d\000i\000n\000g}{section.A.6}% 225
\BOOKMARK [3][]{subsubsection*.115}{\376\377\000E\000n\000t\000r\000o\000p\000y\000-\000B\000a\000s\000e\000d\000\040\000R\000i\000s\000k\000\040\000M\000e\000a\000s\000u\000r\000e\000s}{subsection.A.6.3}% 226
\BOOKMARK [3][]{subsubsection*.116}{\376\377\000M\000a\000x\000i\000m\000u\000m\000\040\000E\000n\000t\000r\000o\000p\000y\000\040\000P\000o\000r\000t\000f\000o\000l\000i\000o\000s}{subsection.A.6.3}% 227
\BOOKMARK [1][]{section.A.7}{\376\377\000A\000.\0007\000\040\000R\000i\000s\000k\000\040\000M\000e\000a\000s\000u\000r\000e\000s}{appendix.A}% 228
\BOOKMARK [2][]{subsection.A.7.1}{\376\377\000A\000.\0007\000.\0001\000\040\000P\000e\000r\000f\000o\000r\000m\000a\000n\000c\000e\000\040\000M\000e\000t\000r\000i\000c\000s}{section.A.7}% 229
\BOOKMARK [3][]{subsubsection*.117}{\376\377\000S\000h\000a\000r\000p\000e\000\040\000R\000a\000t\000i\000o}{subsection.A.7.1}% 230
\BOOKMARK [3][]{subsubsection*.118}{\376\377\000I\000n\000f\000o\000r\000m\000a\000t\000i\000o\000n\000\040\000R\000a\000t\000i\000o}{subsection.A.7.1}% 231
\BOOKMARK [3][]{subsubsection*.119}{\376\377\000S\000o\000r\000t\000i\000n\000o\000\040\000R\000a\000t\000i\000o}{subsection.A.7.1}% 232
\BOOKMARK [2][]{subsection.A.7.2}{\376\377\000A\000.\0007\000.\0002\000\040\000D\000o\000w\000n\000s\000i\000d\000e\000\040\000R\000i\000s\000k\000\040\000M\000e\000a\000s\000u\000r\000e\000s}{section.A.7}% 233
\BOOKMARK [3][]{subsubsection*.120}{\376\377\000V\000a\000l\000u\000e\000\040\000a\000t\000\040\000R\000i\000s\000k}{subsection.A.7.2}% 234
\BOOKMARK [3][]{subsubsection*.121}{\376\377\000C\000o\000n\000d\000i\000t\000i\000o\000n\000a\000l\000\040\000V\000a\000l\000u\000e\000\040\000a\000t\000\040\000R\000i\000s\000k}{subsection.A.7.2}% 235
\BOOKMARK [3][]{subsubsection*.122}{\376\377\000M\000a\000x\000i\000m\000u\000m\000\040\000D\000r\000a\000w\000d\000o\000w\000n}{subsection.A.7.2}% 236
\BOOKMARK [1][]{section.A.8}{\376\377\000A\000.\0008\000\040\000S\000t\000a\000t\000i\000s\000t\000i\000c\000a\000l\000\040\000T\000e\000s\000t\000i\000n\000g}{appendix.A}% 237
\BOOKMARK [2][]{subsection.A.8.1}{\376\377\000A\000.\0008\000.\0001\000\040\000H\000y\000p\000o\000t\000h\000e\000s\000i\000s\000\040\000T\000e\000s\000t\000i\000n\000g\000\040\000F\000r\000a\000m\000e\000w\000o\000r\000k}{section.A.8}% 238
\BOOKMARK [3][]{subsubsection*.123}{\376\377\000t\000-\000T\000e\000s\000t}{subsection.A.8.1}% 239
\BOOKMARK [3][]{subsubsection*.124}{\376\377\000F\000-\000T\000e\000s\000t}{subsection.A.8.1}% 240
\BOOKMARK [2][]{subsection.A.8.2}{\376\377\000A\000.\0008\000.\0002\000\040\000I\000n\000f\000o\000r\000m\000a\000t\000i\000o\000n\000\040\000C\000r\000i\000t\000e\000r\000i\000a}{section.A.8}% 241
\BOOKMARK [3][]{subsubsection*.125}{\376\377\000A\000k\000a\000i\000k\000e\000\040\000I\000n\000f\000o\000r\000m\000a\000t\000i\000o\000n\000\040\000C\000r\000i\000t\000e\000r\000i\000o\000n}{subsection.A.8.2}% 242
\BOOKMARK [3][]{subsubsection*.126}{\376\377\000B\000a\000y\000e\000s\000i\000a\000n\000\040\000I\000n\000f\000o\000r\000m\000a\000t\000i\000o\000n\000\040\000C\000r\000i\000t\000e\000r\000i\000o\000n}{subsection.A.8.2}% 243
\BOOKMARK [1][]{section.A.9}{\376\377\000A\000.\0009\000\040\000C\000o\000n\000v\000e\000x\000\040\000O\000p\000t\000i\000m\000i\000z\000a\000t\000i\000o\000n}{appendix.A}% 244
\BOOKMARK [2][]{subsection.A.9.1}{\376\377\000A\000.\0009\000.\0001\000\040\000C\000o\000n\000v\000e\000x\000\040\000F\000u\000n\000c\000t\000i\000o\000n\000s\000\040\000a\000n\000d\000\040\000S\000e\000t\000s}{section.A.9}% 245
\BOOKMARK [2][]{subsection.A.9.2}{\376\377\000A\000.\0009\000.\0002\000\040\000D\000u\000a\000l\000i\000t\000y\000\040\000T\000h\000e\000o\000r\000y}{section.A.9}% 246
\BOOKMARK [3][]{subsubsection*.127}{\376\377\000L\000a\000g\000r\000a\000n\000g\000i\000a\000n\000\040\000F\000u\000n\000c\000t\000i\000o\000n}{subsection.A.9.2}% 247
\BOOKMARK [3][]{subsubsection*.128}{\376\377\000D\000u\000a\000l\000\040\000P\000r\000o\000b\000l\000e\000m}{subsection.A.9.2}% 248
\BOOKMARK [2][]{subsection.A.9.3}{\376\377\000A\000.\0009\000.\0003\000\040\000L\000a\000g\000r\000a\000n\000g\000i\000a\000n\000\040\000M\000u\000l\000t\000i\000p\000l\000i\000e\000r\000s}{section.A.9}% 249
\BOOKMARK [2][]{subsection.A.9.4}{\376\377\000A\000.\0009\000.\0004\000\040\000Q\000u\000a\000d\000r\000a\000t\000i\000c\000\040\000P\000r\000o\000g\000r\000a\000m\000m\000i\000n\000g}{section.A.9}% 250
\BOOKMARK [2][]{subsection.A.9.5}{\376\377\000A\000.\0009\000.\0005\000\040\000S\000e\000m\000i\000d\000e\000f\000i\000n\000i\000t\000e\000\040\000P\000r\000o\000g\000r\000a\000m\000m\000i\000n\000g}{section.A.9}% 251
\BOOKMARK [2][]{subsection.A.9.6}{\376\377\000A\000.\0009\000.\0006\000\040\000D\000y\000n\000a\000m\000i\000c\000\040\000P\000r\000o\000g\000r\000a\000m\000m\000i\000n\000g}{section.A.9}% 252
\BOOKMARK [3][]{subsubsection*.129}{\376\377\000B\000e\000l\000l\000m\000a\000n\000\040\000E\000q\000u\000a\000t\000i\000o\000n}{subsection.A.9.6}% 253
\BOOKMARK [3][]{subsubsection*.130}{\376\377\000H\000a\000m\000i\000l\000t\000o\000n\000-\000J\000a\000c\000o\000b\000i\000-\000B\000e\000l\000l\000m\000a\000n\000\040\000E\000q\000u\000a\000t\000i\000o\000n}{subsection.A.9.6}% 254
\BOOKMARK [2][]{subsection.A.9.7}{\376\377\000A\000.\0009\000.\0007\000\040\000F\000u\000n\000c\000t\000i\000o\000n\000a\000l\000\040\000A\000n\000a\000l\000y\000s\000i\000s}{section.A.9}% 255
\BOOKMARK [3][]{subsubsection*.131}{\376\377\000R\000e\000p\000r\000o\000d\000u\000c\000i\000n\000g\000\040\000K\000e\000r\000n\000e\000l\000\040\000H\000i\000l\000b\000e\000r\000t\000\040\000S\000p\000a\000c\000e\000s}{subsection.A.9.7}% 256
\BOOKMARK [3][]{subsubsection*.132}{\376\377\000S\000p\000e\000c\000t\000r\000a\000l\000\040\000T\000h\000e\000o\000r\000y}{subsection.A.9.7}% 257
\BOOKMARK [0][]{appendix.B}{\376\377\000B\000\040\000H\000o\000m\000o\000t\000o\000p\000y\000\040\000T\000y\000p\000e\000\040\000T\000h\000e\000o\000r\000y\000\040\000a\000n\000d\000\040\000H\000i\000g\000h\000e\000r\000\040\000C\000a\000t\000e\000g\000o\000r\000y\000\040\000T\000h\000e\000o\000r\000y}{}% 258
\BOOKMARK [1][]{section.B.1}{\376\377\000B\000.\0001\000\040\000H\000o\000m\000o\000t\000o\000p\000y\000\040\000T\000y\000p\000e\000\040\000T\000h\000e\000o\000r\000y\000\040\000f\000o\000r\000\040\000F\000i\000n\000a\000n\000c\000i\000a\000l\000\040\000C\000o\000n\000t\000r\000a\000c\000t\000s}{appendix.B}% 259
\BOOKMARK [2][]{subsection.B.1.1}{\376\377\000B\000.\0001\000.\0001\000\040\000U\000n\000i\000v\000a\000l\000e\000n\000t\000\040\000F\000o\000u\000n\000d\000a\000t\000i\000o\000n\000s}{section.B.1}% 260
\BOOKMARK [3][]{subsubsection*.133}{\376\377\000D\000e\000p\000e\000n\000d\000e\000n\000t\000\040\000T\000y\000p\000e\000s\000\040\000f\000o\000r\000\040\000C\000o\000n\000t\000r\000a\000c\000t\000s}{subsection.B.1.1}% 261
\BOOKMARK [2][]{subsection.B.1.2}{\376\377\000B\000.\0001\000.\0002\000\040\000H\000o\000m\000o\000t\000o\000p\000y\000\040\000L\000e\000v\000e\000l\000s}{section.B.1}% 262
\BOOKMARK [1][]{section.B.2}{\376\377\000B\000.\0002\000\040\000N\000o\000n\000-\000C\000o\000m\000m\000u\000t\000a\000t\000i\000v\000e\000\040\000G\000e\000o\000m\000e\000t\000r\000y\000\040\000i\000n\000\040\000F\000i\000n\000a\000n\000c\000e}{appendix.B}% 263
\BOOKMARK [2][]{subsection.B.2.1}{\376\377\000B\000.\0002\000.\0001\000\040\000O\000p\000e\000r\000a\000t\000o\000r\000\040\000A\000l\000g\000e\000b\000r\000a\000s\000\040\000f\000o\000r\000\040\000M\000a\000r\000k\000e\000t\000\040\000D\000y\000n\000a\000m\000i\000c\000s}{section.B.2}% 264
\BOOKMARK [3][]{subsubsection*.134}{\376\377\000C\000*\000-\000A\000l\000g\000e\000b\000r\000a\000s\000\040\000f\000o\000r\000\040\000Q\000u\000a\000n\000t\000u\000m\000\040\000F\000i\000n\000a\000n\000c\000e}{subsection.B.2.1}% 265
\BOOKMARK [3][]{subsubsection*.135}{\376\377\000N\000o\000n\000-\000C\000o\000m\000m\000u\000t\000a\000t\000i\000v\000e\000\040\000S\000t\000o\000c\000h\000a\000s\000t\000i\000c\000\040\000C\000a\000l\000c\000u\000l\000u\000s}{subsection.B.2.1}% 266
\BOOKMARK [2][]{subsection.B.2.2}{\376\377\000B\000.\0002\000.\0002\000\040\000S\000p\000e\000c\000t\000r\000a\000l\000\040\000T\000r\000i\000p\000l\000e\000\040\000G\000e\000o\000m\000e\000t\000r\000y}{section.B.2}% 267
\BOOKMARK [3][]{subsubsection*.136}{\376\377\000D\000i\000r\000a\000c\000\040\000O\000p\000e\000r\000a\000t\000o\000r\000\040\000f\000o\000r\000\040\000F\000i\000n\000a\000n\000c\000i\000a\000l\000\040\000M\000a\000n\000i\000f\000o\000l\000d\000s}{subsection.B.2.2}% 268
\BOOKMARK [1][]{section.B.3}{\376\377\000B\000.\0003\000\040\000C\000a\000t\000e\000g\000o\000r\000y\000\040\000T\000h\000e\000o\000r\000y\000\040\000A\000p\000p\000l\000i\000c\000a\000t\000i\000o\000n\000s}{appendix.B}% 269
\BOOKMARK [2][]{subsection.B.3.1}{\376\377\000B\000.\0003\000.\0001\000\040\000F\000u\000n\000c\000t\000o\000r\000\040\000C\000a\000t\000e\000g\000o\000r\000i\000e\000s\000\040\000f\000o\000r\000\040\000T\000r\000a\000d\000i\000n\000g\000\040\000S\000t\000r\000a\000t\000e\000g\000i\000e\000s}{section.B.3}% 270
\BOOKMARK [3][]{subsubsection*.137}{\376\377\000M\000o\000n\000a\000d\000\040\000T\000r\000a\000n\000s\000f\000o\000r\000m\000e\000r\000s\000\040\000f\000o\000r\000\040\000R\000i\000s\000k\000\040\000M\000a\000n\000a\000g\000e\000m\000e\000n\000t}{subsection.B.3.1}% 271
\BOOKMARK [3][]{subsubsection*.138}{\376\377\000A\000p\000p\000l\000i\000c\000a\000t\000i\000v\000e\000\040\000F\000u\000n\000c\000t\000o\000r\000s\000\040\000f\000o\000r\000\040\000P\000a\000r\000a\000l\000l\000e\000l\000\040\000S\000t\000r\000a\000t\000e\000g\000i\000e\000s}{subsection.B.3.1}% 272
\BOOKMARK [2][]{subsection.B.3.2}{\376\377\000B\000.\0003\000.\0002\000\040\000T\000o\000p\000o\000s\000\040\000T\000h\000e\000o\000r\000y\000\040\000f\000o\000r\000\040\000F\000i\000n\000a\000n\000c\000i\000a\000l\000\040\000L\000o\000g\000i\000c}{section.B.3}% 273
\BOOKMARK [3][]{subsubsection*.139}{\376\377\000I\000n\000t\000u\000i\000t\000i\000o\000n\000i\000s\000t\000i\000c\000\040\000L\000o\000g\000i\000c\000\040\000i\000n\000\040\000F\000i\000n\000a\000n\000c\000e}{subsection.B.3.2}% 274
\BOOKMARK [3][]{subsubsection*.140}{\376\377\000S\000h\000e\000a\000f\000\040\000T\000h\000e\000o\000r\000y\000\040\000f\000o\000r\000\040\000L\000o\000c\000a\000l\000/\000G\000l\000o\000b\000a\000l\000\040\000F\000i\000n\000a\000n\000c\000e}{subsection.B.3.2}% 275
\BOOKMARK [1][]{section.B.4}{\376\377\000B\000.\0004\000\040\000A\000d\000v\000a\000n\000c\000e\000d\000\040\000H\000o\000m\000o\000l\000o\000g\000i\000c\000a\000l\000\040\000A\000l\000g\000e\000b\000r\000a}{appendix.B}% 276
\BOOKMARK [2][]{subsection.B.4.1}{\376\377\000B\000.\0004\000.\0001\000\040\000D\000e\000r\000i\000v\000e\000d\000\040\000C\000a\000t\000e\000g\000o\000r\000i\000e\000s\000\040\000i\000n\000\040\000F\000i\000n\000a\000n\000c\000e}{section.B.4}% 277
\BOOKMARK [3][]{subsubsection*.141}{\376\377\000D\000e\000r\000i\000v\000e\000d\000\040\000F\000u\000n\000c\000t\000o\000r\000s\000\040\000f\000o\000r\000\040\000R\000i\000s\000k\000\040\000M\000e\000a\000s\000u\000r\000e\000s}{subsection.B.4.1}% 278
\BOOKMARK [3][]{subsubsection*.142}{\376\377\000S\000p\000e\000c\000t\000r\000a\000l\000\040\000S\000e\000q\000u\000e\000n\000c\000e\000s\000\040\000f\000o\000r\000\040\000P\000o\000r\000t\000f\000o\000l\000i\000o\000\040\000A\000n\000a\000l\000y\000s\000i\000s}{subsection.B.4.1}% 279
\BOOKMARK [1][]{section.B.5}{\376\377\000B\000.\0005\000\040\000C\000o\000m\000p\000u\000t\000a\000t\000i\000o\000n\000a\000l\000\040\000C\000o\000m\000p\000l\000e\000x\000i\000t\000y\000\040\000T\000h\000e\000o\000r\000y}{appendix.B}% 280
\BOOKMARK [2][]{subsection.B.5.1}{\376\377\000B\000.\0005\000.\0001\000\040\000T\000r\000a\000d\000i\000n\000g\000\040\000S\000t\000r\000a\000t\000e\000g\000y\000\040\000C\000o\000m\000p\000l\000e\000x\000i\000t\000y}{section.B.5}% 281
\BOOKMARK [3][]{subsubsection*.143}{\376\377\000S\000t\000r\000a\000t\000e\000g\000y\000\040\000C\000l\000a\000s\000s\000e\000s\000\040\000b\000y\000\040\000C\000o\000m\000p\000u\000t\000a\000t\000i\000o\000n\000a\000l\000\040\000C\000o\000m\000p\000l\000e\000x\000i\000t\000y}{subsection.B.5.1}% 282
\BOOKMARK [3][]{subsubsection*.144}{\376\377\000P\000\040\000v\000s\000\040\000N\000P\000\040\000i\000n\000\040\000P\000o\000r\000t\000f\000o\000l\000i\000o\000\040\000O\000p\000t\000i\000m\000i\000z\000a\000t\000i\000o\000n}{subsection.B.5.1}% 283
\BOOKMARK [2][]{subsection.B.5.2}{\376\377\000B\000.\0005\000.\0002\000\040\000Q\000u\000a\000n\000t\000u\000m\000\040\000C\000o\000m\000p\000l\000e\000x\000i\000t\000y\000\040\000A\000d\000v\000a\000n\000t\000a\000g\000e\000s}{section.B.5}% 284
\BOOKMARK [3][]{subsubsection*.145}{\376\377\000B\000Q\000P\000\040\000v\000s\000\040\000B\000P\000P}{subsection.B.5.2}% 285
\BOOKMARK [3][]{subsubsection*.146}{\376\377\000Q\000u\000a\000n\000t\000u\000m\000\040\000S\000p\000e\000e\000d\000u\000p\000\040\000i\000n\000\040\000F\000i\000n\000a\000n\000c\000e}{subsection.B.5.2}% 286
\BOOKMARK [0][]{appendix.C}{\376\377\000C\000\040\000N\000o\000v\000e\000l\000\040\000Q\000u\000a\000n\000t\000i\000t\000a\000t\000i\000v\000e\000\040\000F\000r\000o\000n\000t\000i\000e\000r\000s\000:\000\040\000B\000e\000y\000o\000n\000d\000\040\000C\000u\000r\000r\000e\000n\000t\000\040\000P\000a\000r\000a\000d\000i\000g\000m\000s}{}% 287
\BOOKMARK [1][]{section.C.1}{\376\377\000C\000.\0001\000\040\000Q\000u\000a\000n\000t\000u\000m\000-\000I\000n\000s\000p\000i\000r\000e\000d\000\040\000P\000o\000r\000t\000f\000o\000l\000i\000o\000\040\000O\000p\000t\000i\000m\000i\000z\000a\000t\000i\000o\000n}{appendix.C}% 288
\BOOKMARK [2][]{subsection.C.1.1}{\376\377\000C\000.\0001\000.\0001\000\040\000R\000e\000c\000i\000p\000e\000\040\0009\000.\0009\000:\000\040\000Q\000u\000a\000n\000t\000u\000m\000\040\000A\000n\000n\000e\000a\000l\000i\000n\000g\000\040\000f\000o\000r\000\040\000A\000s\000s\000e\000t\000\040\000A\000l\000l\000o\000c\000a\000t\000i\000o\000n}{section.C.1}% 289
\BOOKMARK [1][]{section.C.2}{\376\377\000C\000.\0002\000\040\000N\000e\000u\000r\000a\000l\000\040\000O\000r\000d\000i\000n\000a\000r\000y\000\040\000D\000i\000f\000f\000e\000r\000e\000n\000t\000i\000a\000l\000\040\000E\000q\000u\000a\000t\000i\000o\000n\000s\000\040\000f\000o\000r\000\040\000F\000i\000n\000a\000n\000c\000i\000a\000l\000\040\000T\000i\000m\000e\000\040\000S\000e\000r\000i\000e\000s}{appendix.C}% 290
\BOOKMARK [2][]{subsection.C.2.1}{\376\377\000C\000.\0002\000.\0001\000\040\000R\000e\000c\000i\000p\000e\000\040\0009\000.\0001\0000\000:\000\040\000C\000o\000n\000t\000i\000n\000u\000o\000u\000s\000-\000T\000i\000m\000e\000\040\000N\000e\000u\000r\000a\000l\000\040\000F\000o\000r\000e\000c\000a\000s\000t\000i\000n\000g}{section.C.2}% 291
\BOOKMARK [1][]{section.C.3}{\376\377\000C\000.\0003\000\040\000T\000o\000p\000o\000l\000o\000g\000i\000c\000a\000l\000\040\000D\000a\000t\000a\000\040\000A\000n\000a\000l\000y\000s\000i\000s\000\040\000f\000o\000r\000\040\000M\000a\000r\000k\000e\000t\000\040\000M\000i\000c\000r\000o\000s\000t\000r\000u\000c\000t\000u\000r\000e}{appendix.C}% 292
\BOOKMARK [2][]{subsection.C.3.1}{\376\377\000C\000.\0003\000.\0001\000\040\000R\000e\000c\000i\000p\000e\000\040\0009\000.\0001\0001\000:\000\040\000P\000e\000r\000s\000i\000s\000t\000e\000n\000t\000\040\000H\000o\000m\000o\000l\000o\000g\000y\000\040\000i\000n\000\040\000H\000i\000g\000h\000-\000F\000r\000e\000q\000u\000e\000n\000c\000y\000\040\000T\000r\000a\000d\000i\000n\000g}{section.C.3}% 293
\BOOKMARK [0][]{appendix.D}{\376\377\000D\000\040\000E\000m\000e\000r\000g\000i\000n\000g\000\040\000T\000e\000c\000h\000n\000o\000l\000o\000g\000i\000e\000s\000\040\000a\000n\000d\000\040\000F\000u\000t\000u\000r\000e\000\040\000D\000i\000r\000e\000c\000t\000i\000o\000n\000s}{}% 294
\BOOKMARK [1][]{section.D.1}{\376\377\000D\000.\0001\000\040\000B\000l\000o\000c\000k\000c\000h\000a\000i\000n\000\040\000a\000n\000d\000\040\000D\000e\000c\000e\000n\000t\000r\000a\000l\000i\000z\000e\000d\000\040\000F\000i\000n\000a\000n\000c\000e}{appendix.D}% 295
\BOOKMARK [2][]{subsection.D.1.1}{\376\377\000D\000.\0001\000.\0001\000\040\000S\000m\000a\000r\000t\000\040\000C\000o\000n\000t\000r\000a\000c\000t\000-\000B\000a\000s\000e\000d\000\040\000T\000r\000a\000d\000i\000n\000g\000\040\000S\000t\000r\000a\000t\000e\000g\000i\000e\000s}{section.D.1}% 296
\BOOKMARK [3][]{subsubsection*.147}{\376\377\000A\000u\000t\000o\000m\000a\000t\000e\000d\000\040\000M\000a\000r\000k\000e\000t\000\040\000M\000a\000k\000i\000n\000g}{subsection.D.1.1}% 297
\BOOKMARK [3][]{subsubsection*.148}{\376\377\000L\000i\000q\000u\000i\000d\000i\000t\000y\000\040\000M\000i\000n\000i\000n\000g\000\040\000a\000n\000d\000\040\000Y\000i\000e\000l\000d\000\040\000F\000a\000r\000m\000i\000n\000g}{subsection.D.1.1}% 298
\BOOKMARK [2][]{subsection.D.1.2}{\376\377\000D\000.\0001\000.\0002\000\040\000C\000r\000o\000s\000s\000-\000C\000h\000a\000i\000n\000\040\000A\000r\000b\000i\000t\000r\000a\000g\000e}{section.D.1}% 299
\BOOKMARK [1][]{section.D.2}{\376\377\000D\000.\0002\000\040\000N\000e\000u\000r\000o\000s\000y\000m\000b\000o\000l\000i\000c\000\040\000A\000I\000\040\000f\000o\000r\000\040\000T\000r\000a\000d\000i\000n\000g}{appendix.D}% 300
\BOOKMARK [2][]{subsection.D.2.1}{\376\377\000D\000.\0002\000.\0001\000\040\000H\000y\000b\000r\000i\000d\000\040\000I\000n\000t\000e\000l\000l\000i\000g\000e\000n\000c\000e\000\040\000S\000y\000s\000t\000e\000m\000s}{section.D.2}% 301
\BOOKMARK [2][]{subsection.D.2.2}{\376\377\000D\000.\0002\000.\0002\000\040\000T\000r\000a\000n\000s\000f\000o\000r\000m\000e\000r\000-\000X\000L\000\040\000f\000o\000r\000\040\000L\000o\000n\000g\000-\000C\000o\000n\000t\000e\000x\000t\000\040\000T\000r\000a\000d\000i\000n\000g}{section.D.2}% 302
\BOOKMARK [2][]{subsection.D.2.3}{\376\377\000D\000.\0002\000.\0003\000\040\000V\000i\000s\000i\000o\000n\000\040\000T\000r\000a\000n\000s\000f\000o\000r\000m\000e\000r\000s\000\040\000f\000o\000r\000\040\000C\000h\000a\000r\000t\000\040\000A\000n\000a\000l\000y\000s\000i\000s}{section.D.2}% 303
\BOOKMARK [2][]{subsection.D.2.4}{\376\377\000D\000.\0002\000.\0004\000\040\000G\000r\000a\000p\000h\000\040\000T\000r\000a\000n\000s\000f\000o\000r\000m\000e\000r\000s\000\040\000f\000o\000r\000\040\000M\000a\000r\000k\000e\000t\000\040\000N\000e\000t\000w\000o\000r\000k\000s}{section.D.2}% 304
\BOOKMARK [2][]{subsection.D.2.5}{\376\377\000D\000.\0002\000.\0005\000\040\000E\000x\000p\000l\000a\000i\000n\000a\000b\000l\000e\000\040\000A\000I\000\040\000f\000o\000r\000\040\000F\000i\000n\000a\000n\000c\000e}{section.D.2}% 305
\BOOKMARK [3][]{subsubsection*.149}{\376\377\000L\000o\000c\000a\000l\000\040\000E\000x\000p\000l\000a\000n\000a\000t\000i\000o\000n\000s}{subsection.D.2.5}% 306
\BOOKMARK [3][]{subsubsection*.150}{\376\377\000G\000l\000o\000b\000a\000l\000\040\000I\000n\000t\000e\000r\000p\000r\000e\000t\000a\000b\000i\000l\000i\000t\000y}{subsection.D.2.5}% 307
\BOOKMARK [1][]{section.D.3}{\376\377\000D\000.\0003\000\040\000D\000i\000g\000i\000t\000a\000l\000\040\000A\000s\000s\000e\000t\000s\000\040\000a\000n\000d\000\040\000C\000r\000y\000p\000t\000o\000c\000u\000r\000r\000e\000n\000c\000y}{appendix.D}% 308
\BOOKMARK [2][]{subsection.D.3.1}{\376\377\000D\000.\0003\000.\0001\000\040\000O\000n\000-\000C\000h\000a\000i\000n\000\040\000A\000n\000a\000l\000y\000t\000i\000c\000s}{section.D.3}% 309
\BOOKMARK [3][]{subsubsection*.151}{\376\377\000N\000e\000t\000w\000o\000r\000k\000\040\000V\000a\000l\000u\000a\000t\000i\000o\000n\000\040\000M\000e\000t\000r\000i\000c\000s}{subsection.D.3.1}% 310
\BOOKMARK [3][]{subsubsection*.152}{\376\377\000E\000x\000c\000h\000a\000n\000g\000e\000\040\000F\000l\000o\000w\000\040\000A\000n\000a\000l\000y\000s\000i\000s}{subsection.D.3.1}% 311
\BOOKMARK [2][]{subsection.D.3.2}{\376\377\000D\000.\0003\000.\0002\000\040\000D\000e\000F\000i\000\040\000P\000r\000o\000t\000o\000c\000o\000l\000\040\000R\000i\000s\000k\000\040\000A\000s\000s\000e\000s\000s\000m\000e\000n\000t}{section.D.3}% 312
\BOOKMARK [3][]{subsubsection*.153}{\376\377\000I\000m\000p\000e\000r\000m\000a\000n\000e\000n\000t\000\040\000L\000o\000s\000s\000\040\000M\000o\000d\000e\000l\000i\000n\000g}{subsection.D.3.2}% 313
\BOOKMARK [3][]{subsubsection*.154}{\376\377\000Y\000i\000e\000l\000d\000\040\000F\000a\000r\000m\000i\000n\000g\000\040\000O\000p\000t\000i\000m\000i\000z\000a\000t\000i\000o\000n}{subsection.D.3.2}% 314
\BOOKMARK [1][]{section.D.4}{\376\377\000D\000.\0004\000\040\000W\000e\000b\0003\000\040\000a\000n\000d\000\040\000T\000o\000k\000e\000n\000o\000m\000i\000c\000s}{appendix.D}% 315
\BOOKMARK [2][]{subsection.D.4.1}{\376\377\000D\000.\0004\000.\0001\000\040\000T\000o\000k\000e\000n\000\040\000U\000t\000i\000l\000i\000t\000y\000\040\000a\000n\000d\000\040\000N\000e\000t\000w\000o\000r\000k\000\040\000E\000f\000f\000e\000c\000t\000s}{section.D.4}% 316
\BOOKMARK [3][]{subsubsection*.155}{\376\377\000M\000e\000t\000c\000a\000l\000f\000e\000'\000s\000\040\000L\000a\000w}{subsection.D.4.1}% 317
\BOOKMARK [3][]{subsubsection*.156}{\376\377\000S\000a\000r\000r\000i\000o\000n\000'\000s\000\040\000L\000a\000w}{subsection.D.4.1}% 318
\BOOKMARK [2][]{subsection.D.4.2}{\376\377\000D\000.\0004\000.\0002\000\040\000N\000F\000T\000\040\000a\000n\000d\000\040\000D\000i\000g\000i\000t\000a\000l\000\040\000A\000s\000s\000e\000t\000\040\000V\000a\000l\000u\000a\000t\000i\000o\000n}{section.D.4}% 319
\BOOKMARK [3][]{subsubsection*.157}{\376\377\000R\000a\000r\000i\000t\000y\000-\000B\000a\000s\000e\000d\000\040\000P\000r\000i\000c\000i\000n\000g}{subsection.D.4.2}% 320
\BOOKMARK [3][]{subsubsection*.158}{\376\377\000F\000l\000o\000o\000r\000\040\000P\000r\000i\000c\000e\000\040\000D\000y\000n\000a\000m\000i\000c\000s}{subsection.D.4.2}% 321
\BOOKMARK [0][]{appendix.E}{\376\377\000E\000\040\000C\000o\000d\000e\000\040\000A\000p\000p\000e\000n\000d\000i\000x}{}% 322
\BOOKMARK [1][]{section.E.1}{\376\377\000E\000.\0001\000\040\000Q\0002\0003\000\040\000C\000o\000r\000e\000\040\000I\000m\000p\000l\000e\000m\000e\000n\000t\000a\000t\000i\000o\000n\000s}{appendix.E}% 323
\BOOKMARK [2][]{subsection.E.1.1}{\376\377\000E\000.\0001\000.\0001\000\040\000F\000a\000c\000t\000o\000r\000\040\000L\000i\000b\000r\000a\000r\000y\000\040\000A\000r\000c\000h\000i\000t\000e\000c\000t\000u\000r\000e}{section.E.1}% 324
\BOOKMARK [1][]{section.E.2}{\376\377\000E\000.\0002\000\040\000N\000o\000v\000e\000l\000\040\000F\000a\000c\000t\000o\000r\000s\000:\000\040\000Q\0002\0003\000'\000s\000\040\000O\000r\000i\000g\000i\000n\000a\000l\000\040\000C\000o\000n\000t\000r\000i\000b\000u\000t\000i\000o\000n\000s}{appendix.E}% 325
\BOOKMARK [2][]{subsection.E.2.1}{\376\377\000E\000.\0002\000.\0001\000\040\000R\000e\000c\000i\000p\000e\000\040\0009\000.\0007\000:\000\040\000S\000a\000t\000e\000l\000l\000i\000t\000e\000\040\000I\000m\000a\000g\000e\000r\000y\000\040\000E\000c\000o\000n\000o\000m\000i\000c\000\040\000I\000n\000d\000i\000c\000a\000t\000o\000r\000s}{section.E.2}% 326
\BOOKMARK [2][]{subsection.E.2.2}{\376\377\000E\000.\0002\000.\0002\000\040\000R\000e\000c\000i\000p\000e\000\040\0009\000.\0008\000:\000\040\000B\000l\000o\000c\000k\000c\000h\000a\000i\000n\000\040\000N\000e\000t\000w\000o\000r\000k\000\040\000A\000n\000a\000l\000y\000s\000i\000s\000\040\000F\000a\000c\000t\000o\000r}{section.E.2}% 327
\BOOKMARK [2][]{subsection.E.2.3}{\376\377\000E\000.\0002\000.\0003\000\040\000R\000e\000c\000i\000p\000e\000\040\0009\000.\0009\000:\000\040\000C\000l\000i\000m\000a\000t\000e\000\040\000R\000i\000s\000k\000\040\000I\000n\000t\000e\000g\000r\000a\000t\000i\000o\000n\000\040\000F\000a\000c\000t\000o\000r}{section.E.2}% 328
\BOOKMARK [3][]{subsubsection*.159}{\376\377\000C\000a\000r\000b\000o\000n\000\040\000B\000e\000t\000a\000\040\000a\000n\000d\000\040\000E\000m\000i\000s\000s\000i\000o\000n\000s\000\040\000F\000a\000c\000t\000o\000r\000s}{subsection.E.2.3}% 329
\BOOKMARK [3][]{subsubsection*.160}{\376\377\000S\000t\000r\000a\000n\000d\000e\000d\000\040\000A\000s\000s\000e\000t\000s\000\040\000V\000a\000l\000u\000a\000t\000i\000o\000n}{subsection.E.2.3}% 330
\BOOKMARK [3][]{subsubsection*.161}{\376\377\000E\000S\000G\000\040\000I\000n\000t\000e\000g\000r\000a\000t\000i\000o\000n\000\040\000i\000n\000\040\000F\000a\000c\000t\000o\000r\000\040\000M\000o\000d\000e\000l\000s}{subsection.E.2.3}% 331
\BOOKMARK [3][]{subsubsection*.162}{\376\377\000S\000u\000s\000t\000a\000i\000n\000a\000b\000l\000e\000\040\000I\000n\000v\000e\000s\000t\000i\000n\000g\000\040\000C\000o\000n\000s\000t\000r\000a\000i\000n\000t\000s}{subsection.E.2.3}% 332
\BOOKMARK [2][]{subsection.E.2.4}{\376\377\000E\000.\0002\000.\0004\000\040\000R\000e\000c\000i\000p\000e\000\040\0009\000.\0001\0000\000:\000\040\000A\000I\000-\000G\000e\000n\000e\000r\000a\000t\000e\000d\000\040\000F\000a\000c\000t\000o\000r\000\040\000D\000i\000s\000c\000o\000v\000e\000r\000y}{section.E.2}% 333
\BOOKMARK [3][]{subsubsection*.163}{\376\377\000P\000r\000o\000m\000p\000t\000\040\000E\000n\000g\000i\000n\000e\000e\000r\000i\000n\000g\000\040\000f\000o\000r\000\040\000F\000a\000c\000t\000o\000r\000\040\000D\000i\000s\000c\000o\000v\000e\000r\000y}{subsection.E.2.4}% 334
\BOOKMARK [3][]{subsubsection*.164}{\376\377\000A\000I\000\040\000I\000n\000t\000e\000r\000p\000r\000e\000t\000a\000b\000i\000l\000i\000t\000y}{subsection.E.2.4}% 335
\BOOKMARK [0][]{appendix*.166}{\376\377\000G\000l\000o\000s\000s\000a\000r\000y}{}% 336
\BOOKMARK [0][]{appendix*.167}{\376\377\000G\000l\000o\000s\000s\000a\000r\000y\000\040\000o\000f\000\040\000Q\000u\000a\000n\000t\000i\000t\000a\000t\000i\000v\000e\000\040\000F\000i\000n\000a\000n\000c\000e\000\040\000T\000e\000r\000m\000s}{}% 337
\BOOKMARK [0][]{appendix*.167}{\376\377\000I\000n\000d\000e\000x}{}% 338
